Component: ARM Compiler 5.06 update 5 (build 528) Tool: armlink [4d35e2]

==============================================================================

Section Cross References

    startup_stm32g431xx.o(STACK) refers (Special) to heapauxi.o(.text) for __use_two_region_memory
    startup_stm32g431xx.o(HEAP) refers (Special) to heapauxi.o(.text) for __use_two_region_memory
    startup_stm32g431xx.o(RESET) refers (Special) to heapauxi.o(.text) for __use_two_region_memory
    startup_stm32g431xx.o(RESET) refers to startup_stm32g431xx.o(STACK) for __initial_sp
    startup_stm32g431xx.o(RESET) refers to startup_stm32g431xx.o(.text) for Reset_Handler
    startup_stm32g431xx.o(RESET) refers to stm32g4xx_it.o(i.NMI_Handler) for NMI_Handler
    startup_stm32g431xx.o(RESET) refers to stm32g4xx_it.o(i.HardFault_Handler) for HardFault_Handler
    startup_stm32g431xx.o(RESET) refers to stm32g4xx_it.o(i.MemManage_Handler) for MemManage_Handler
    startup_stm32g431xx.o(RESET) refers to stm32g4xx_it.o(i.BusFault_Handler) for BusFault_Handler
    startup_stm32g431xx.o(RESET) refers to stm32g4xx_it.o(i.UsageFault_Handler) for UsageFault_Handler
    startup_stm32g431xx.o(RESET) refers to port.o(.emb_text) for SVC_Handler
    startup_stm32g431xx.o(RESET) refers to stm32g4xx_it.o(i.DebugMon_Handler) for DebugMon_Handler
    startup_stm32g431xx.o(RESET) refers to port.o(i.SysTick_Handler) for SysTick_Handler
    startup_stm32g431xx.o(RESET) refers to stm32g4xx_it.o(i.TIM1_TRG_COM_TIM17_IRQHandler) for TIM1_TRG_COM_TIM17_IRQHandler
    startup_stm32g431xx.o(.text) refers (Special) to heapauxi.o(.text) for __use_two_region_memory
    startup_stm32g431xx.o(.text) refers to system_stm32g4xx.o(i.SystemInit) for SystemInit
    startup_stm32g431xx.o(.text) refers to __main.o(!!!main) for __main
    startup_stm32g431xx.o(.text) refers to startup_stm32g431xx.o(HEAP) for Heap_Mem
    startup_stm32g431xx.o(.text) refers to startup_stm32g431xx.o(STACK) for Stack_Mem
    lcd.o(i.LCD_BusIn) refers to rt_memclr_w.o(.text) for __aeabi_memclr4
    lcd.o(i.LCD_BusIn) refers to stm32g4xx_hal_gpio.o(i.HAL_GPIO_Init) for HAL_GPIO_Init
    lcd.o(i.LCD_BusOut) refers to rt_memclr_w.o(.text) for __aeabi_memclr4
    lcd.o(i.LCD_BusOut) refers to stm32g4xx_hal_gpio.o(i.HAL_GPIO_Init) for HAL_GPIO_Init
    lcd.o(i.LCD_Clear) refers to lcd.o(i.LCD_SetCursor) for LCD_SetCursor
    lcd.o(i.LCD_Clear) refers to lcd.o(i.LCD_WriteRAM_Prepare) for LCD_WriteRAM_Prepare
    lcd.o(i.LCD_Clear) refers to lcd.o(i.LCD_WriteRAM) for LCD_WriteRAM
    lcd.o(i.LCD_ClearLine) refers to lcd.o(i.LCD_DisplayStringLine) for LCD_DisplayStringLine
    lcd.o(i.LCD_CtrlLinesConfig) refers to rt_memclr_w.o(.text) for __aeabi_memclr4
    lcd.o(i.LCD_CtrlLinesConfig) refers to stm32g4xx_hal_gpio.o(i.HAL_GPIO_Init) for HAL_GPIO_Init
    lcd.o(i.LCD_CtrlLinesConfig) refers to lcd.o(i.LCD_BusOut) for LCD_BusOut
    lcd.o(i.LCD_DisplayChar) refers to lcd.o(i.LCD_DrawChar) for LCD_DrawChar
    lcd.o(i.LCD_DisplayChar) refers to lcd.o(.constdata) for .constdata
    lcd.o(i.LCD_DisplayOff) refers to lcd.o(i.LCD_WriteReg) for LCD_WriteReg
    lcd.o(i.LCD_DisplayOn) refers to lcd.o(i.LCD_WriteReg) for LCD_WriteReg
    lcd.o(i.LCD_DisplayStringLine) refers to lcd.o(i.LCD_DisplayChar) for LCD_DisplayChar
    lcd.o(i.LCD_DrawChar) refers to lcd.o(i.LCD_SetCursor) for LCD_SetCursor
    lcd.o(i.LCD_DrawChar) refers to lcd.o(i.LCD_WriteRAM_Prepare) for LCD_WriteRAM_Prepare
    lcd.o(i.LCD_DrawChar) refers to lcd.o(i.LCD_WriteRAM) for LCD_WriteRAM
    lcd.o(i.LCD_DrawChar) refers to lcd.o(.data) for .data
    lcd.o(i.LCD_DrawCircle) refers to lcd.o(i.LCD_SetCursor) for LCD_SetCursor
    lcd.o(i.LCD_DrawCircle) refers to lcd.o(i.LCD_WriteRAM_Prepare) for LCD_WriteRAM_Prepare
    lcd.o(i.LCD_DrawCircle) refers to lcd.o(i.LCD_WriteRAM) for LCD_WriteRAM
    lcd.o(i.LCD_DrawCircle) refers to lcd.o(.data) for .data
    lcd.o(i.LCD_DrawLine) refers to lcd.o(i.LCD_SetCursor) for LCD_SetCursor
    lcd.o(i.LCD_DrawLine) refers to lcd.o(i.LCD_WriteRAM_Prepare) for LCD_WriteRAM_Prepare
    lcd.o(i.LCD_DrawLine) refers to lcd.o(i.LCD_WriteRAM) for LCD_WriteRAM
    lcd.o(i.LCD_DrawLine) refers to lcd.o(.data) for .data
    lcd.o(i.LCD_DrawMonoPict) refers to lcd.o(i.LCD_SetCursor) for LCD_SetCursor
    lcd.o(i.LCD_DrawMonoPict) refers to lcd.o(i.LCD_WriteRAM_Prepare) for LCD_WriteRAM_Prepare
    lcd.o(i.LCD_DrawMonoPict) refers to lcd.o(i.LCD_WriteRAM) for LCD_WriteRAM
    lcd.o(i.LCD_DrawMonoPict) refers to lcd.o(.data) for .data
    lcd.o(i.LCD_DrawPicture) refers to lcd.o(i.LCD_SetCursor) for LCD_SetCursor
    lcd.o(i.LCD_DrawPicture) refers to lcd.o(i.LCD_WriteRAM_Prepare) for LCD_WriteRAM_Prepare
    lcd.o(i.LCD_DrawPicture) refers to lcd.o(i.LCD_WriteRAM) for LCD_WriteRAM
    lcd.o(i.LCD_DrawRect) refers to lcd.o(i.LCD_DrawLine) for LCD_DrawLine
    lcd.o(i.LCD_Init) refers to lcd.o(i.LCD_CtrlLinesConfig) for LCD_CtrlLinesConfig
    lcd.o(i.LCD_Init) refers to lcd.o(i.LCD_ReadReg) for LCD_ReadReg
[...]
    __rt_exit                                0x0800028b   Thumb Code     0  rtexit.o(.ARM.Collect$$rtexit$$00000000)
    __rt_exit_ls                             0x0800028d   Thumb Code     0  rtexit2.o(.ARM.Collect$$rtexit$$00000003)
    __rt_exit_prels_1                        0x0800028d   Thumb Code     0  rtexit2.o(.ARM.Collect$$rtexit$$00000002)
    __rt_exit_exit                           0x08000291   Thumb Code     0  rtexit2.o(.ARM.Collect$$rtexit$$00000004)
    SVC_Handler                              0x08000299   Thumb Code    28  port.o(.emb_text)
    __asm___6_port_c_39a90d8d__prvStartFirstTask 0x080002b9   Thumb Code    36  port.o(.emb_text)
    __asm___6_port_c_39a90d8d__prvEnableVFP  0x080002e1   Thumb Code    16  port.o(.emb_text)
    PendSV_Handler                           0x080002f5   Thumb Code    88  port.o(.emb_text)
    vPortGetIPSR                             0x08000351   Thumb Code     6  port.o(.emb_text)
    Reset_Handler                            0x08000359   Thumb Code     8  startup_stm32g431xx.o(.text)
    ADC1_2_IRQHandler                        0x08000373   Thumb Code     0  startup_stm32g431xx.o(.text)
    COMP1_2_3_IRQHandler                     0x08000373   Thumb Code     0  startup_stm32g431xx.o(.text)
    COMP4_IRQHandler                         0x08000373   Thumb Code     0  startup_stm32g431xx.o(.text)
    CORDIC_IRQHandler                        0x08000373   Thumb Code     0  startup_stm32g431xx.o(.text)
    CRS_IRQHandler                           0x08000373   Thumb Code     0  startup_stm32g431xx.o(.text)
    DMA1_Channel1_IRQHandler                 0x08000373   Thumb Code     0  startup_stm32g431xx.o(.text)
    DMA1_Channel2_IRQHandler                 0x08000373   Thumb Code     0  startup_stm32g431xx.o(.text)
    DMA1_Channel3_IRQHandler                 0x08000373   Thumb Code     0  startup_stm32g431xx.o(.text)
    DMA1_Channel4_IRQHandler                 0x08000373   Thumb Code     0  startup_stm32g431xx.o(.text)
    DMA1_Channel5_IRQHandler                 0x08000373   Thumb Code     0  startup_stm32g431xx.o(.text)
    DMA1_Channel6_IRQHandler                 0x08000373   Thumb Code     0  startup_stm32g431xx.o(.text)
    DMA2_Channel1_IRQHandler                 0x08000373   Thumb Code     0  startup_stm32g431xx.o(.text)
    DMA2_Channel2_IRQHandler                 0x08000373   Thumb Code     0  startup_stm32g431xx.o(.text)
    DMA2_Channel3_IRQHandler                 0x08000373   Thumb Code     0  startup_stm32g431xx.o(.text)
    DMA2_Channel4_IRQHandler                 0x08000373   Thumb Code     0  startup_stm32g431xx.o(.text)
    DMA2_Channel5_IRQHandler                 0x08000373   Thumb Code     0  startup_stm32g431xx.o(.text)
    DMA2_Channel6_IRQHandler                 0x08000373   Thumb Code     0  startup_stm32g431xx.o(.text)
    DMAMUX_OVR_IRQHandler                    0x08000373   Thumb Code     0  startup_stm32g431xx.o(.text)
    EXTI0_IRQHandler                         0x08000373   Thumb Code     0  startup_stm32g431xx.o(.text)
    EXTI15_10_IRQHandler                     0x08000373   Thumb Code     0  startup_stm32g431xx.o(.text)
    EXTI1_IRQHandler                         0x08000373   Thumb Code     0  startup_stm32g431xx.o(.text)
    EXTI2_IRQHandler                         0x08000373   Thumb Code     0  startup_stm32g431xx.o(.text)
    EXTI3_IRQHandler                         0x08000373   Thumb Code     0  startup_stm32g431xx.o(.text)
    EXTI4_IRQHandler                         0x08000373   Thumb Code     0  startup_stm32g431xx.o(.text)
    EXTI9_5_IRQHandler                       0x08000373   Thumb Code     0  startup_stm32g431xx.o(.text)
    FDCAN1_IT0_IRQHandler                    0x08000373   Thumb Code     0  startup_stm32g431xx.o(.text)
    FDCAN1_IT1_IRQHandler                    0x08000373   Thumb Code     0  startup_stm32g431xx.o(.text)
    FLASH_IRQHandler                         0x08000373   Thumb Code     0  startup_stm32g431xx.o(.text)
    FMAC_IRQHandler                          0x08000373   Thumb Code     0  startup_stm32g431xx.o(.text)
    FPU_IRQHandler                           0x08000373   Thumb Code     0  startup_stm32g431xx.o(.text)
    I2C1_ER_IRQHandler                       0x08000373   Thumb Code     0  startup_stm32g431xx.o(.text)
    I2C1_EV_IRQHandler                       0x08000373   Thumb Code     0  startup_stm32g431xx.o(.text)
    I2C2_ER_IRQHandler                       0x08000373   Thumb Code     0  startup_stm32g431xx.o(.text)
    I2C2_EV_IRQHandler                       0x08000373   Thumb Code     0  startup_stm32g431xx.o(.text)
    I2C3_ER_IRQHandler                       0x08000373   Thumb Code     0  startup_stm32g431xx.o(.text)
    I2C3_EV_IRQHandler                       0x08000373   Thumb Code     0  startup_stm32g431xx.o(.text)
    LPTIM1_IRQHandler                        0x08000373   Thumb Code     0  startup_stm32g431xx.o(.text)
    LPUART1_IRQHandler                       0x08000373   Thumb Code     0  startup_stm32g431xx.o(.text)
    PVD_PVM_IRQHandler                       0x08000373   Thumb Code     0  startup_stm32g431xx.o(.text)
    RCC_IRQHandler                           0x08000373   Thumb Code     0  startup_stm32g431xx.o(.text)
    RNG_IRQHandler                           0x08000373   Thumb Code     0  startup_stm32g431xx.o(.text)
    RTC_Alarm_IRQHandler                     0x08000373   Thumb Code     0  startup_stm32g431xx.o(.text)
    RTC_TAMP_LSECSS_IRQHandler               0x08000373   Thumb Code     0  startup_stm32g431xx.o(.text)
    RTC_WKUP_IRQHandler                      0x08000373   Thumb Code     0  startup_stm32g431xx.o(.text)
    SAI1_IRQHandler                          0x08000373   Thumb Code     0  startup_stm32g431xx.o(.text)
    SPI1_IRQHandler                          0x08000373   Thumb Code     0  startup_stm32g431xx.o(.text)
    SPI2_IRQHandler                          0x08000373   Thumb Code     0  startup_stm32g431xx.o(.text)
    SPI3_IRQHandler                          0x08000373   Thumb Code     0  startup_stm32g431xx.o(.text)
    TIM1_BRK_TIM15_IRQHandler                0x08000373   Thumb Code     0  startup_stm32g431xx.o(.text)
    TIM1_CC_IRQHandler                       0x08000373   Thumb Code     0  startup_stm32g431xx.o(.text)
    TIM1_UP_TIM16_IRQHandler                 0x08000373   Thumb Code     0  startup_stm32g431xx.o(.text)
    TIM2_IRQHandler                          0x08000373   Thumb Code     0  startup_stm32g431xx.o(.text)
    TIM3_IRQHandler                          0x08000373   Thumb Code     0  startup_stm32g431xx.o(.text)
    TIM4_IRQHandler                          0x08000373   Thumb Code     0  startup_stm32g431xx.o(.text)
    TIM6_DAC_IRQHandler                      0x08000373   Thumb Code     0  startup_stm32g431xx.o(.text)
    TIM7_IRQHandler                          0x08000373   Thumb Code     0  startup_stm32g431xx.o(.text)
    TIM8_BRK_IRQHandler                      0x08000373   Thumb Code     0  startup_stm32g431xx.o(.text)
    TIM8_CC_IRQHandler                       0x08000373   Thumb Code     0  startup_stm32g431xx.o(.text)
    TIM8_TRG_COM_IRQHandler                  0x08000373   Thumb Code     0  startup_stm32g431xx.o(.text)
    TIM8_UP_IRQHandler                       0x08000373   Thumb Code     0  startup_stm32g431xx.o(.text)
    UART4_IRQHandler                         0x08000373   Thumb Code     0  startup_stm32g431xx.o(.text)
    UCPD1_IRQHandler                         0x08000373   Thumb Code     0  startup_stm32g431xx.o(.text)
    USART1_IRQHandler                        0x08000373   Thumb Code     0  startup_stm32g431xx.o(.text)
    USART2_IRQHandler                        0x08000373   Thumb Code     0  startup_stm32g431xx.o(.text)
    USART3_IRQHandler                        0x08000373   Thumb Code     0  startup_stm32g431xx.o(.text)
    USBWakeUp_IRQHandler                     0x08000373   Thumb Code     0  startup_stm32g431xx.o(.text)
    USB_HP_IRQHandler                        0x08000373   Thumb Code     0  startup_stm32g431xx.o(.text)
    USB_LP_IRQHandler                        0x08000373   Thumb Code     0  startup_stm32g431xx.o(.text)
    WWDG_IRQHandler                          0x08000373   Thumb Code     0  startup_stm32g431xx.o(.text)
    __user_initial_stackheap                 0x08000375   Thumb Code     0  startup_stm32g431xx.o(.text)
    __aeabi_ldivmod                          0x08000399   Thumb Code     0  llsdiv.o(.text)
    _ll_sdiv                                 0x08000399   Thumb Code    72  llsdiv.o(.text)
    __2sprintf                               0x080003e1   Thumb Code    34  noretval__2sprintf.o(.text)
    _printf_int_dec                          0x08000409   Thumb Code   104  _printf_dec.o(.text)
    __printf                                 0x08000481   Thumb Code   270  __printf_wp.o(.text)
    memcmp                                   0x0800058f   Thumb Code    88  memcmp.o(.text)
    __aeabi_memcpy4                          0x080005e7   Thumb Code     0  rt_memcpy_w.o(.text)
    __aeabi_memcpy8                          0x080005e7   Thumb Code     0  rt_memcpy_w.o(.text)
    __rt_memcpy_w                            0x080005e7   Thumb Code   100  rt_memcpy_w.o(.text)
    _memcpy_lastbytes_aligned                0x0800062f   Thumb Code     0  rt_memcpy_w.o(.text)
    __aeabi_memset                           0x0800064b   Thumb Code    16  aeabi_memset.o(.text)
    __aeabi_memclr4                          0x0800065b   Thumb Code     0  rt_memclr_w.o(.text)
    __aeabi_memclr8                          0x0800065b   Thumb Code     0  rt_memclr_w.o(.text)
    __rt_memclr_w                            0x0800065b   Thumb Code    78  rt_memclr_w.o(.text)
    _memset_w                                0x0800065f   Thumb Code     0  rt_memclr_w.o(.text)
    __use_two_region_memory                  0x080006a9   Thumb Code     2  heapauxi.o(.text)
    __rt_heap_escrow$2region                 0x080006ab   Thumb Code     2  heapauxi.o(.text)
    __rt_heap_expand$2region                 0x080006ad   Thumb Code     2  heapauxi.o(.text)
    __aeabi_uldivmod                         0x080006af   Thumb Code     0  lludivv7m.o(.text)
    _ll_udiv                                 0x080006af   Thumb Code   238  lludivv7m.o(.text)
    __read_errno                             0x0800079d   Thumb Code    10  _rserrno.o(.text)
    __set_errno                              0x080007a7   Thumb Code    12  _rserrno.o(.text)
    _printf_int_common                       0x080007b3   Thumb Code   178  _printf_intcommon.o(.text)
    __lib_sel_fp_printf                      0x08000865   Thumb Code     2  _printf_fp_dec.o(.text)
    _printf_fp_dec_real                      0x08000a17   Thumb Code   620  _printf_fp_dec.o(.text)
    _printf_char_common                      0x08000c8f   Thumb Code    32  _printf_char_common.o(.text)
    _sputc                                   0x08000cb5   Thumb Code    10  _sputc.o(.text)
    __aeabi_memclr                           0x08000cbf   Thumb Code     0  rt_memclr.o(.text)
    __rt_memclr                              0x08000cbf   Thumb Code    68  rt_memclr.o(.text)
    _memset                                  0x08000cc3   Thumb Code     0  rt_memclr.o(.text)
    __rt_locale                              0x08000d05   Thumb Code     8  rt_locale_intlibspace.o(.text)
    __aeabi_errno_addr                       0x08000d0d   Thumb Code     8  rt_errno_addr_intlibspace.o(.text)
    __errno$intlibspace                      0x08000d0d   Thumb Code     0  rt_errno_addr_intlibspace.o(.text)
    __rt_errno_addr$intlibspace              0x08000d0d   Thumb Code     0  rt_errno_addr_intlibspace.o(.text)
    _ll_udiv10                               0x08000d15   Thumb Code   138  lludiv10.o(.text)
    _printf_fp_infnan                        0x08000da1   Thumb Code   112  _printf_fp_infnan.o(.text)
    _btod_etento                             0x08000e21   Thumb Code   224  bigflt0.o(.text)
    __user_libspace                          0x08000f05   Thumb Code     8  libspace.o(.text)
    __user_perproc_libspace                  0x08000f05   Thumb Code     0  libspace.o(.text)
    __user_perthread_libspace                0x08000f05   Thumb Code     0  libspace.o(.text)
    __user_setup_stackheap                   0x08000f0d   Thumb Code    74  sys_stackheap_outer.o(.text)
    exit                                     0x08000f57   Thumb Code    18  exit.o(.text)
    strcmp                                   0x08000f69   Thumb Code   128  strcmpv7m.o(.text)
    _sys_exit                                0x08000fe9   Thumb Code     8  sys_exit.o(.text)
    __I$use$semihosting                      0x08000ff5   Thumb Code     0  use_no_semi.o(.text)
    __use_no_semihosting_swi                 0x08000ff5   Thumb Code     2  use_no_semi.o(.text)
    __semihosting_library_function           0x08000ff7   Thumb Code     0  indicate_semi.o(.text)
    _btod_d2e                                0x08000ff7   Thumb Code    62  btod.o(CL$$btod_d2e)
    _d2e_denorm_low                          0x08001035   Thumb Code    70  btod.o(CL$$btod_d2e_denorm_low)
    _d2e_norm_op1                            0x0800107b   Thumb Code    96  btod.o(CL$$btod_d2e_norm_op1)
    __btod_div_common                        0x080010db   Thumb Code   696  btod.o(CL$$btod_div_common)
    _e2e                                     0x08001413   Thumb Code   220  btod.o(CL$$btod_e2e)
    _btod_ediv                               0x080014ef   Thumb Code    42  btod.o(CL$$btod_ediv)
    _btod_emul                               0x08001519   Thumb Code    42  btod.o(CL$$btod_emul)
    __btod_mult_common                       0x08001543   Thumb Code   580  btod.o(CL$$btod_mult_common)
    BusFault_Handler                         0x08001787   Thumb Code     2  stm32g4xx_it.o(i.BusFault_Handler)
    CANTaskEntry                             0x08001789   Thumb Code   122  app_freertos.o(i.CANTaskEntry)
    ControlTaskEntry                         0x08001815   Thumb Code   536  app_freertos.o(i.ControlTaskEntry)
    DELAY_ms                                 0x08001a41   Thumb Code    28  delay.o(i.DELAY_ms)
    DELAY_us                                 0x08001a5d   Thumb Code    20  delay.o(i.DELAY_us)
    DHT11ReadEntry                           0x08001a71   Thumb Code   380  app_freertos.o(i.DHT11ReadEntry)
    DebugMon_Handler                         0x08001c15   Thumb Code     2  stm32g4xx_it.o(i.DebugMon_Handler)
    Delay_LCD                                0x08001c17   Thumb Code    28  lcd.o(i.Delay_LCD)
    Error_Handler                            0x08001c33   Thumb Code     4  main.o(i.Error_Handler)
    HAL_Delay                                0x08001c9d   Thumb Code    32  stm32g4xx_hal.o(i.HAL_Delay)
    HAL_FDCAN_ActivateNotification           0x08001cc1   Thumb Code   224  stm32g4xx_hal_fdcan.o(i.HAL_FDCAN_ActivateNotification)
    HAL_FDCAN_AddMessageToTxFifoQ            0x08001da1   Thumb Code    74  stm32g4xx_hal_fdcan.o(i.HAL_FDCAN_AddMessageToTxFifoQ)
    HAL_FDCAN_ConfigFilter                   0x08001deb   Thumb Code    92  stm32g4xx_hal_fdcan.o(i.HAL_FDCAN_ConfigFilter)
    HAL_FDCAN_ConfigGlobalFilter             0x08001e47   Thumb Code    54  stm32g4xx_hal_fdcan.o(i.HAL_FDCAN_ConfigGlobalFilter)
    HAL_FDCAN_Init                           0x08001e7d   Thumb Code   498  stm32g4xx_hal_fdcan.o(i.HAL_FDCAN_Init)
    HAL_FDCAN_MspInit                        0x08002081   Thumb Code   116  fdcan.o(i.HAL_FDCAN_MspInit)
    HAL_FDCAN_Start                          0x080020fd   Thumb Code    44  stm32g4xx_hal_fdcan.o(i.HAL_FDCAN_Start)
    HAL_GPIO_Init                            0x08002129   Thumb Code   550  stm32g4xx_hal_gpio.o(i.HAL_GPIO_Init)
    HAL_GPIO_WritePin                        0x08002371   Thumb Code    10  stm32g4xx_hal_gpio.o(i.HAL_GPIO_WritePin)
    HAL_GetTick                              0x0800237d   Thumb Code     6  stm32g4xx_hal.o(i.HAL_GetTick)
    HAL_I2CEx_ConfigAnalogFilter             0x08002389   Thumb Code    86  stm32g4xx_hal_i2c_ex.o(i.HAL_I2CEx_ConfigAnalogFilter)
    HAL_I2CEx_ConfigDigitalFilter            0x080023df   Thumb Code    82  stm32g4xx_hal_i2c_ex.o(i.HAL_I2CEx_ConfigDigitalFilter)
    HAL_I2C_GetError                         0x08002431   Thumb Code     4  stm32g4xx_hal_i2c.o(i.HAL_I2C_GetError)
    HAL_I2C_Init                             0x08002435   Thumb Code   184  stm32g4xx_hal_i2c.o(i.HAL_I2C_Init)
    HAL_I2C_Mem_Read                         0x080024f1   Thumb Code   346  stm32g4xx_hal_i2c.o(i.HAL_I2C_Mem_Read)
    HAL_I2C_Mem_Write                        0x08002655   Thumb Code   340  stm32g4xx_hal_i2c.o(i.HAL_I2C_Mem_Write)
    HAL_I2C_MspInit                          0x080027ad   Thumb Code   150  i2c.o(i.HAL_I2C_MspInit)
    HAL_IncTick                              0x08002851   Thumb Code    12  stm32g4xx_hal.o(i.HAL_IncTick)
    HAL_Init                                 0x08002861   Thumb Code    30  stm32g4xx_hal.o(i.HAL_Init)
    HAL_InitTick                             0x08002881   Thumb Code   116  stm32g4xx_hal_timebase_tim.o(i.HAL_InitTick)
    HAL_MspInit                              0x08002909   Thumb Code    54  stm32g4xx_hal_msp.o(i.HAL_MspInit)
    HAL_NVIC_EnableIRQ                       0x08002945   Thumb Code    26  stm32g4xx_hal_cortex.o(i.HAL_NVIC_EnableIRQ)
    HAL_NVIC_SetPriority                     0x08002961   Thumb Code    60  stm32g4xx_hal_cortex.o(i.HAL_NVIC_SetPriority)
    HAL_NVIC_SetPriorityGrouping             0x080029a1   Thumb Code    26  stm32g4xx_hal_cortex.o(i.HAL_NVIC_SetPriorityGrouping)
    HAL_PWREx_ControlVoltageScaling          0x080029c5   Thumb Code   174  stm32g4xx_hal_pwr_ex.o(i.HAL_PWREx_ControlVoltageScaling)
    HAL_PWREx_DisableUCPDDeadBattery         0x08002a81   Thumb Code    12  stm32g4xx_hal_pwr_ex.o(i.HAL_PWREx_DisableUCPDDeadBattery)
    HAL_RCCEx_PeriphCLKConfig                0x08002a91   Thumb Code   638  stm32g4xx_hal_rcc_ex.o(i.HAL_RCCEx_PeriphCLKConfig)
    HAL_RCC_ClockConfig                      0x08002d19   Thumb Code   444  stm32g4xx_hal_rcc.o(i.HAL_RCC_ClockConfig)
    HAL_RCC_GetClockConfig                   0x08002ef5   Thumb Code    54  stm32g4xx_hal_rcc.o(i.HAL_RCC_GetClockConfig)
    HAL_RCC_GetPCLK2Freq                     0x08002f35   Thumb Code    24  stm32g4xx_hal_rcc.o(i.HAL_RCC_GetPCLK2Freq)
    HAL_RCC_GetSysClockFreq                  0x08002f59   Thumb Code    98  stm32g4xx_hal_rcc.o(i.HAL_RCC_GetSysClockFreq)
    HAL_RCC_OscConfig                        0x08002fc9   Thumb Code  1028  stm32g4xx_hal_rcc.o(i.HAL_RCC_OscConfig)
    HAL_TIMEx_Break2Callback                 0x080033cd   Thumb Code     2  stm32g4xx_hal_tim_ex.o(i.HAL_TIMEx_Break2Callback)
    HAL_TIMEx_BreakCallback                  0x080033cf   Thumb Code     2  stm32g4xx_hal_tim_ex.o(i.HAL_TIMEx_BreakCallback)
    HAL_TIMEx_CommutCallback                 0x080033d1   Thumb Code     2  stm32g4xx_hal_tim_ex.o(i.HAL_TIMEx_CommutCallback)
    HAL_TIMEx_ConfigBreakDeadTime            0x080033d5   Thumb Code   148  stm32g4xx_hal_tim_ex.o(i.HAL_TIMEx_ConfigBreakDeadTime)
    HAL_TIMEx_DirectionChangeCallback        0x08003471   Thumb Code     2  stm32g4xx_hal_tim_ex.o(i.HAL_TIMEx_DirectionChangeCallback)
    HAL_TIMEx_EncoderIndexCallback           0x08003473   Thumb Code     2  stm32g4xx_hal_tim_ex.o(i.HAL_TIMEx_EncoderIndexCallback)
    HAL_TIMEx_IndexErrorCallback             0x08003475   Thumb Code     2  stm32g4xx_hal_tim_ex.o(i.HAL_TIMEx_IndexErrorCallback)
    HAL_TIMEx_MasterConfigSynchronization    0x08003479   Thumb Code   132  stm32g4xx_hal_tim_ex.o(i.HAL_TIMEx_MasterConfigSynchronization)
    HAL_TIMEx_TransitionErrorCallback        0x08003515   Thumb Code     2  stm32g4xx_hal_tim_ex.o(i.HAL_TIMEx_TransitionErrorCallback)
    HAL_TIM_Base_Init                        0x08003517   Thumb Code    98  stm32g4xx_hal_tim.o(i.HAL_TIM_Base_Init)
    HAL_TIM_Base_MspInit                     0x08003579   Thumb Code    52  tim.o(i.HAL_TIM_Base_MspInit)
    HAL_TIM_Base_Start_IT                    0x080035b9   Thumb Code    94  stm32g4xx_hal_tim.o(i.HAL_TIM_Base_Start_IT)
    HAL_TIM_ConfigClockSource                0x08003631   Thumb Code   246  stm32g4xx_hal_tim.o(i.HAL_TIM_ConfigClockSource)
    HAL_TIM_IC_CaptureCallback               0x08003731   Thumb Code     2  stm32g4xx_hal_tim.o(i.HAL_TIM_IC_CaptureCallback)
    HAL_TIM_IRQHandler                       0x08003733   Thumb Code   418  stm32g4xx_hal_tim.o(i.HAL_TIM_IRQHandler)
    HAL_TIM_MspPostInit                      0x080038d5   Thumb Code   110  tim.o(i.HAL_TIM_MspPostInit)
    HAL_TIM_OC_DelayElapsedCallback          0x08003955   Thumb Code     2  stm32g4xx_hal_tim.o(i.HAL_TIM_OC_DelayElapsedCallback)
    HAL_TIM_PWM_ConfigChannel                0x08003957   Thumb Code   292  stm32g4xx_hal_tim.o(i.HAL_TIM_PWM_ConfigChannel)
    HAL_TIM_PWM_Init                         0x08003a7b   Thumb Code    98  stm32g4xx_hal_tim.o(i.HAL_TIM_PWM_Init)
    HAL_TIM_PWM_MspInit                      0x08003add   Thumb Code     2  stm32g4xx_hal_tim.o(i.HAL_TIM_PWM_MspInit)
    HAL_TIM_PWM_PulseFinishedCallback        0x08003adf   Thumb Code     2  stm32g4xx_hal_tim.o(i.HAL_TIM_PWM_PulseFinishedCallback)
    HAL_TIM_PWM_Start                        0x08003ae1   Thumb Code   218  stm32g4xx_hal_tim.o(i.HAL_TIM_PWM_Start)
    HAL_TIM_PeriodElapsedCallback            0x08003bdd   Thumb Code    14  main.o(i.HAL_TIM_PeriodElapsedCallback)
    HAL_TIM_TriggerCallback                  0x08003bf1   Thumb Code     2  stm32g4xx_hal_tim.o(i.HAL_TIM_TriggerCallback)
    HardFault_Handler                        0x08003bf3   Thumb Code     2  stm32g4xx_it.o(i.HardFault_Handler)
    LCD_BusIn                                0x08003f49   Thumb Code    40  lcd.o(i.LCD_BusIn)
    LCD_BusOut                               0x08003f75   Thumb Code    42  lcd.o(i.LCD_BusOut)
    LCD_Clear                                0x08003fa5   Thumb Code    36  lcd.o(i.LCD_Clear)
    LCD_CtrlLinesConfig                      0x08003fc9   Thumb Code   134  lcd.o(i.LCD_CtrlLinesConfig)
    LCD_DisplayChar                          0x08004059   Thumb Code    18  lcd.o(i.LCD_DisplayChar)
    LCD_DisplayStringLine                    0x08004071   Thumb Code    42  lcd.o(i.LCD_DisplayStringLine)
    LCD_DrawChar                             0x0800409d   Thumb Code    84  lcd.o(i.LCD_DrawChar)
    LCD_Init                                 0x080040f5   Thumb Code    46  lcd.o(i.LCD_Init)
    LCD_ReadReg                              0x08004129   Thumb Code   120  lcd.o(i.LCD_ReadReg)
    LCD_SetBackColor                         0x080041a9   Thumb Code    12  lcd.o(i.LCD_SetBackColor)
    LCD_SetCursor                            0x080041b9   Thumb Code    24  lcd.o(i.LCD_SetCursor)
    LCD_SetTextColor                         0x080041d1   Thumb Code    12  lcd.o(i.LCD_SetTextColor)
    LCD_WriteRAM                             0x080041e1   Thumb Code    80  lcd.o(i.LCD_WriteRAM)
    LCD_WriteRAM_Prepare                     0x08004239   Thumb Code    82  lcd.o(i.LCD_WriteRAM_Prepare)
    LCD_WriteReg                             0x08004295   Thumb Code   100  lcd.o(i.LCD_WriteReg)
    MPU6050_DMP_Get_Date                     0x08004301   Thumb Code   342  mpu6050.o(i.MPU6050_DMP_Get_Date)
    MPU6050_DMP_init                         0x08004465   Thumb Code   172  mpu6050.o(i.MPU6050_DMP_init)
    MX_FDCAN1_Init                           0x08004515   Thumb Code   122  fdcan.o(i.MX_FDCAN1_Init)
    MX_FREERTOS_Init                         0x08004599   Thumb Code   118  app_freertos.o(i.MX_FREERTOS_Init)
    MX_GPIO_Init                             0x08004619   Thumb Code   192  gpio.o(i.MX_GPIO_Init)
    MX_I2C1_Init                             0x080046e5   Thumb Code    76  i2c.o(i.MX_I2C1_Init)
    MX_TIM15_Init                            0x0800473d   Thumb Code   196  tim.o(i.MX_TIM15_Init)
    MX_TIM3_Init                             0x08004809   Thumb Code   148  tim.o(i.MX_TIM3_Init)
    MemManage_Handler                        0x080048a5   Thumb Code     2  stm32g4xx_it.o(i.MemManage_Handler)
    Motoe_42Init                             0x080048a9   Thumb Code    82  42motor.o(i.Motoe_42Init)
    Motor_42_W_DIR                           0x08004901   Thumb Code    12  42motor.o(i.Motor_42_W_DIR)
    Motor_42_W_ENABLE                        0x0800490d   Thumb Code    12  42motor.o(i.Motor_42_W_ENABLE)
    NMI_Handler                              0x08004919   Thumb Code     2  stm32g4xx_it.o(i.NMI_Handler)
    REG_8230_Init                            0x0800491b   Thumb Code   274  lcd.o(i.REG_8230_Init)
    REG_932X_Init                            0x08004a2d   Thumb Code   514  lcd.o(i.REG_932X_Init)
    StartDefaultTask                         0x08004c2f   Thumb Code     8  app_freertos.o(i.StartDefaultTask)
    SysTick_Handler                          0x08004c39   Thumb Code    38  port.o(i.SysTick_Handler)
    SystemClock_Config                       0x08004c65   Thumb Code   102  main.o(i.SystemClock_Config)
    SystemInit                               0x08004ccd   Thumb Code    12  system_stm32g4xx.o(i.SystemInit)
    TIM1_TRG_COM_TIM17_IRQHandler            0x08004cdd   Thumb Code     6  stm32g4xx_it.o(i.TIM1_TRG_COM_TIM17_IRQHandler)
    TIM_Base_SetConfig                       0x08004ce9   Thumb Code   160  stm32g4xx_hal_tim.o(i.TIM_Base_SetConfig)
    TIM_CCxChannelCmd                        0x08004da5   Thumb Code    26  stm32g4xx_hal_tim.o(i.TIM_CCxChannelCmd)
    TIM_ETR_SetConfig                        0x08004dbf   Thumb Code    20  stm32g4xx_hal_tim.o(i.TIM_ETR_SetConfig)
    TIM_OC2_SetConfig                        0x08004e85   Thumb Code   120  stm32g4xx_hal_tim.o(i.TIM_OC2_SetConfig)
    UsageFault_Handler                       0x0800515b   Thumb Code     2  stm32g4xx_it.o(i.UsageFault_Handler)
    __ARM_fpclassify                         0x0800515d   Thumb Code    48  fpclassify.o(i.__ARM_fpclassify)
    __hardfp_asin                            0x080051b1   Thumb Code   770  asin.o(i.__hardfp_asin)
    __hardfp_atan                            0x08005511   Thumb Code   622  atan.o(i.__hardfp_atan)
    __hardfp_atan2                           0x080057e9   Thumb Code   432  atan2.o(i.__hardfp_atan2)
    __kernel_poly                            0x080059d9   Thumb Code   248  poly.o(i.__kernel_poly)
    __mathlib_dbl_infnan                     0x08005ad1   Thumb Code    20  dunder.o(i.__mathlib_dbl_infnan)
    __mathlib_dbl_infnan2                    0x08005ae5   Thumb Code    20  dunder.o(i.__mathlib_dbl_infnan2)
    __mathlib_dbl_invalid                    0x08005af9   Thumb Code    24  dunder.o(i.__mathlib_dbl_invalid)
    __mathlib_dbl_underflow                  0x08005b19   Thumb Code    24  dunder.o(i.__mathlib_dbl_underflow)
    _is_digit                                0x08005b39   Thumb Code    14  __printf_wp.o(i._is_digit)
    atan                                     0x08005bd9   Thumb Code    16  atan.o(i.atan)
    dmp_enable_6x_lp_quat                    0x08005be9   Thumb Code    58  inv_mpu_dmp_motion_driver.o(i.dmp_enable_6x_lp_quat)
    dmp_enable_feature                       0x08005c25   Thumb Code   464  inv_mpu_dmp_motion_driver.o(i.dmp_enable_feature)
    dmp_enable_gyro_cal                      0x08005dfd   Thumb Code    34  inv_mpu_dmp_motion_driver.o(i.dmp_enable_gyro_cal)
    dmp_enable_lp_quat                       0x08005e39   Thumb Code    58  inv_mpu_dmp_motion_driver.o(i.dmp_enable_lp_quat)
    dmp_load_motion_driver_firmware          0x08005e75   Thumb Code    16  inv_mpu_dmp_motion_driver.o(i.dmp_load_motion_driver_firmware)
    dmp_read_fifo                            0x08005e89   Thumb Code   326  inv_mpu_dmp_motion_driver.o(i.dmp_read_fifo)
    dmp_set_accel_bias                       0x08005fd5   Thumb Code   212  inv_mpu_dmp_motion_driver.o(i.dmp_set_accel_bias)
    dmp_set_fifo_rate                        0x080060ad   Thumb Code    82  inv_mpu_dmp_motion_driver.o(i.dmp_set_fifo_rate)
    dmp_set_gyro_bias                        0x08006111   Thumb Code   196  inv_mpu_dmp_motion_driver.o(i.dmp_set_gyro_bias)
    dmp_set_orientation                      0x080061dd   Thumb Code   246  inv_mpu_dmp_motion_driver.o(i.dmp_set_orientation)
    dmp_set_shake_reject_thresh              0x080062e9   Thumb Code    48  inv_mpu_dmp_motion_driver.o(i.dmp_set_shake_reject_thresh)
    dmp_set_shake_reject_time                0x08006319   Thumb Code    32  inv_mpu_dmp_motion_driver.o(i.dmp_set_shake_reject_time)
    dmp_set_shake_reject_timeout             0x08006339   Thumb Code    32  inv_mpu_dmp_motion_driver.o(i.dmp_set_shake_reject_timeout)
    dmp_set_tap_axes                         0x08006359   Thumb Code    64  inv_mpu_dmp_motion_driver.o(i.dmp_set_tap_axes)
    dmp_set_tap_count                        0x08006399   Thumb Code    34  inv_mpu_dmp_motion_driver.o(i.dmp_set_tap_count)
    dmp_set_tap_thresh                       0x080063bd   Thumb Code   314  inv_mpu_dmp_motion_driver.o(i.dmp_set_tap_thresh)
    dmp_set_tap_time                         0x0800651d   Thumb Code    32  inv_mpu_dmp_motion_driver.o(i.dmp_set_tap_time)
    dmp_set_tap_time_multi                   0x0800653d   Thumb Code    32  inv_mpu_dmp_motion_driver.o(i.dmp_set_tap_time_multi)
    fabs                                     0x0800655d   Thumb Code    24  fabs.o(i.fabs)
    main                                     0x08006b61   Thumb Code   962  main.o(i.main)
    mpu_configure_fifo                       0x08006f61   Thumb Code    78  inv_mpu.o(i.mpu_configure_fifo)
    mpu_get_accel_fsr                        0x08006fb5   Thumb Code    54  inv_mpu.o(i.mpu_get_accel_fsr)
    mpu_get_accel_sens                       0x08006ff1   Thumb Code    62  inv_mpu.o(i.mpu_get_accel_sens)
    mpu_get_gyro_fsr                         0x08007035   Thumb Code    48  inv_mpu.o(i.mpu_get_gyro_fsr)
    mpu_get_gyro_sens                        0x08007069   Thumb Code    54  inv_mpu.o(i.mpu_get_gyro_sens)
    mpu_get_lpf                              0x080070b5   Thumb Code    52  inv_mpu.o(i.mpu_get_lpf)
    mpu_get_sample_rate                      0x080070ed   Thumb Code    22  inv_mpu.o(i.mpu_get_sample_rate)
    mpu_init                                 0x08007109   Thumb Code   210  inv_mpu.o(i.mpu_init)
    mpu_load_firmware                        0x080071e5   Thumb Code   166  inv_mpu.o(i.mpu_load_firmware)
    mpu_lp_accel_mode                        0x08007295   Thumb Code   204  inv_mpu.o(i.mpu_lp_accel_mode)
    mpu_read_fifo_stream                     0x08007369   Thumb Code   182  inv_mpu.o(i.mpu_read_fifo_stream)
    mpu_read_mem                             0x08007429   Thumb Code   106  inv_mpu.o(i.mpu_read_mem)
    mpu_reset_fifo                           0x0800749d   Thumb Code   438  inv_mpu.o(i.mpu_reset_fifo)
    mpu_run_self_test                        0x0800765d   Thumb Code   234  inv_mpu.o(i.mpu_run_self_test)
    mpu_set_accel_fsr                        0x0800774d   Thumb Code   112  inv_mpu.o(i.mpu_set_accel_fsr)
    mpu_set_bypass                           0x080077c5   Thumb Code   302  inv_mpu.o(i.mpu_set_bypass)
    mpu_set_dmp_state                        0x080078fd   Thumb Code   140  inv_mpu.o(i.mpu_set_dmp_state)
    mpu_set_gyro_fsr                         0x08007991   Thumb Code   118  inv_mpu.o(i.mpu_set_gyro_fsr)
    mpu_set_int_latched                      0x08007a11   Thumb Code   108  inv_mpu.o(i.mpu_set_int_latched)
    mpu_set_lpf                              0x08007a85   Thumb Code   120  inv_mpu.o(i.mpu_set_lpf)
    mpu_set_sample_rate                      0x08007b05   Thumb Code   142  inv_mpu.o(i.mpu_set_sample_rate)
    mpu_set_sensors                          0x08007b9d   Thumb Code   212  inv_mpu.o(i.mpu_set_sensors)
    mpu_write_mem                            0x08007c79   Thumb Code   106  inv_mpu.o(i.mpu_write_mem)
    osDelay                                  0x08007ced   Thumb Code    14  cmsis_os.o(i.osDelay)
    osKernelStart                            0x08007cfb   Thumb Code    10  cmsis_os.o(i.osKernelStart)
    osMessageCreate                          0x08007d05   Thumb Code     8  cmsis_os.o(i.osMessageCreate)
    osThreadCreate                           0x08007d0d   Thumb Code    46  cmsis_os.o(i.osThreadCreate)
    pvPortMalloc                             0x08008069   Thumb Code   216  heap_4.o(i.pvPortMalloc)
    pxPortInitialiseStack                    0x08008145   Thumb Code    40  port.o(i.pxPortInitialiseStack)
    sqrt                                     0x08008279   Thumb Code   110  sqrt.o(i.sqrt)
    uxListRemove                             0x080082e7   Thumb Code    38  list.o(i.uxListRemove)
    vListInitialise                          0x0800830d   Thumb Code    22  list.o(i.vListInitialise)
    vListInitialiseItem                      0x08008323   Thumb Code     6  list.o(i.vListInitialiseItem)
    vListInsert                              0x08008329   Thumb Code    48  list.o(i.vListInsert)
    vListInsertEnd                           0x08008359   Thumb Code    24  list.o(i.vListInsertEnd)
    vPortEnterCritical                       0x08008371   Thumb Code    54  port.o(i.vPortEnterCritical)
    vPortExitCritical                        0x080083b1   Thumb Code    34  port.o(i.vPortExitCritical)
    vPortFree                                0x080083d9   Thumb Code    94  heap_4.o(i.vPortFree)
    vPortSetupTimerInterrupt                 0x0800843d   Thumb Code    32  port.o(i.vPortSetupTimerInterrupt)
    vTaskDelay                               0x08008461   Thumb Code    66  tasks.o(i.vTaskDelay)
    vTaskStartScheduler                      0x080084ad   Thumb Code    86  tasks.o(i.vTaskStartScheduler)
    vTaskSuspendAll                          0x08008515   Thumb Code    10  tasks.o(i.vTaskSuspendAll)
    vTaskSwitchContext                       0x08008525   Thumb Code    82  tasks.o(i.vTaskSwitchContext)
    xPortStartScheduler                      0x08008581   Thumb Code   222  port.o(i.xPortStartScheduler)
    xQueueGenericCreate                      0x08008675   Thumb Code    66  queue.o(i.xQueueGenericCreate)
    xQueueGenericReset                       0x080086b9   Thumb Code   132  queue.o(i.xQueueGenericReset)
    xTaskCreate                              0x08008741   Thumb Code    86  tasks.o(i.xTaskCreate)
    xTaskIncrementTick                       0x08008799   Thumb Code   194  tasks.o(i.xTaskIncrementTick)
    xTaskRemoveFromEventList                 0x08008865   Thumb Code   106  tasks.o(i.xTaskRemoveFromEventList)
    xTaskResumeAll                           0x080088dd   Thumb Code   182  tasks.o(i.xTaskResumeAll)
    _get_lc_numeric                          0x080089a1   Thumb Code    44  lc_numeric_c.o(locale$$code)
    __aeabi_dneg                             0x080089cd   Thumb Code     0  basic.o(x$fpl$basic)
    _dneg                                    0x080089cd   Thumb Code     6  basic.o(x$fpl$basic)
    __aeabi_fneg                             0x080089d3   Thumb Code     0  basic.o(x$fpl$basic)
    _fneg                                    0x080089d3   Thumb Code     6  basic.o(x$fpl$basic)
    _dabs                                    0x080089d9   Thumb Code     6  basic.o(x$fpl$basic)
    _fabs                                    0x080089df   Thumb Code     6  basic.o(x$fpl$basic)
    __aeabi_d2f                              0x080089e5   Thumb Code     0  d2f.o(x$fpl$d2f)
    _d2f                                     0x080089e5   Thumb Code    98  d2f.o(x$fpl$d2f)
    __aeabi_dadd                             0x08008a49   Thumb Code     0  daddsub_clz.o(x$fpl$dadd)
    _dadd                                    0x08008a49   Thumb Code   332  daddsub_clz.o(x$fpl$dadd)
    __aeabi_ddiv                             0x08008b99   Thumb Code     0  ddiv.o(x$fpl$ddiv)
    _ddiv                                    0x08008b99   Thumb Code   552  ddiv.o(x$fpl$ddiv)
    __aeabi_d2iz                             0x08008e49   Thumb Code     0  dfix.o(x$fpl$dfix)
    _dfix                                    0x08008e49   Thumb Code    94  dfix.o(x$fpl$dfix)
    __aeabi_i2d                              0x08008ea7   Thumb Code     0  dflt_clz.o(x$fpl$dflt)
    _dflt                                    0x08008ea7   Thumb Code    46  dflt_clz.o(x$fpl$dflt)
    __aeabi_dmul                             0x08008ed5   Thumb Code     0  dmul.o(x$fpl$dmul)
    _dmul                                    0x08008ed5   Thumb Code   332  dmul.o(x$fpl$dmul)
    __fpl_dnaninf                            0x08009029   Thumb Code   156  dnaninf.o(x$fpl$dnaninf)
    __fpl_dretinf                            0x080090c5   Thumb Code    12  dretinf.o(x$fpl$dretinf)
    __aeabi_drsub                            0x080090d1   Thumb Code     0  daddsub_clz.o(x$fpl$drsb)
    _drsb                                    0x080090d1   Thumb Code    22  daddsub_clz.o(x$fpl$drsb)
    _dsqrt                                   0x080090e9   Thumb Code   404  dsqrt_umaal.o(x$fpl$dsqrt)
    __aeabi_dsub                             0x08009281   Thumb Code     0  daddsub_clz.o(x$fpl$dsub)
    _dsub                                    0x08009281   Thumb Code   464  daddsub_clz.o(x$fpl$dsub)
    __aeabi_f2d                              0x08009455   Thumb Code     0  f2d.o(x$fpl$f2d)
    _f2d                                     0x08009455   Thumb Code    86  f2d.o(x$fpl$f2d)
    __fpl_fnaninf                            0x080094ab   Thumb Code   140  fnaninf.o(x$fpl$fnaninf)
    _fp_init                                 0x08009537   Thumb Code    10  fpinit.o(x$fpl$fpinit)
    __fplib_config_fpu_vfp                   0x0800953f   Thumb Code     0  fpinit.o(x$fpl$fpinit)
    __fplib_config_pureend_doubles           0x0800953f   Thumb Code     0  fpinit.o(x$fpl$fpinit)
    __fpl_fretinf                            0x08009541   Thumb Code    10  fretinf.o(x$fpl$fretinf)
    _printf_fp_dec                           0x0800954b   Thumb Code     4  printf1.o(x$fpl$printf1)
    ASCII_Table                              0x0800954e   Data        4560  lcd.o(.constdata)
    __I$use$fp                               0x0800954e   Number         0  usenofp.o(x$fpl$usenofp)
    AHBPrescTable                            0x0800a788   Data          16  system_stm32g4xx.o(.constdata)
    APBPrescTable                            0x0800a798   Data           8  system_stm32g4xx.o(.constdata)
    reg                                      0x0800a7a0   Data          30  inv_mpu.o(.constdata)
    hw                                       0x0800a7be   Data          12  inv_mpu.o(.constdata)
    test                                     0x0800a7cc   Data          40  inv_mpu.o(.constdata)
    __mathlib_zero                           0x0800b4d8   Data           8  qnan.o(.constdata)
    Region$$Table$$Base                      0x0800b5a0   Number         0  anon$$obj.o(Region$$Table)
    Region$$Table$$Limit                     0x0800b5c0   Number         0  anon$$obj.o(Region$$Table)
    dummy                                    0x20000004   Data           2  lcd.o(.data)
    i2c_error                                0x20000008   Data           1  main.o(.data)
    fdcan_tx                                 0x2000000c   Data          48  main.o(.data)
    defaultTaskHandle                        0x2000003c   Data           4  app_freertos.o(.data)
    DHT11ReadHandle                          0x20000040   Data           4  app_freertos.o(.data)
    CANTaskHandle                            0x20000044   Data           4  app_freertos.o(.data)
    ControlTaskHandle                        0x20000048   Data           4  app_freertos.o(.data)
    mpu6050QueueHandle                       0x2000004c   Data           4  app_freertos.o(.data)
    uwTickPrio                               0x20000050   Data           4  stm32g4xx_hal.o(.data)
    uwTickFreq                               0x20000054   Data           4  stm32g4xx_hal.o(.data)
    uwTick                                   0x20000058   Data           4  stm32g4xx_hal.o(.data)
    SystemCoreClock                          0x2000005c   Data           4  system_stm32g4xx.o(.data)
    pxCurrentTCB                             0x20000060   Data           4  tasks.o(.data)
    main_data                                0x20000100   Data          33  main.o(.bss)
    mpu6050_data                             0x20000124   Data          60  main.o(.bss)
    angle_data                               0x20000160   Data          12  main.o(.bss)
    FDCAN1_FilterConfig                      0x2000016c   Data          24  fdcan.o(.bss)
    hfdcan1                                  0x20000184   Data         100  fdcan.o(.bss)
    hi2c1                                    0x200001e8   Data          84  i2c.o(.bss)
    htim3                                    0x2000023c   Data          76  tim.o(.bss)
    htim15                                   0x20000288   Data          76  tim.o(.bss)
    htim17                                   0x200002d4   Data          76  stm32g4xx_hal_timebase_tim.o(.bss)
    __libspace_start                         0x20001a14   Data          96  libspace.o(.bss)
    __temporary_stack_top$libspace           0x20001a74   Data           0  libspace.o(.bss)



==============================================================================

Memory Map of the image

  Image Entry point : 0x080001d9

  Load Region LR_IROM1 (Base: 0x08000000, Size: 0x0000b6dc, Max: 0x00020000, ABSOLUTE)

    Execution Region ER_IROM1 (Exec base: 0x08000000, Load base: 0x08000000, Size: 0x0000b5dc, Max: 0x00020000, ABSOLUTE)

    Exec Addr    Load Addr    Size         Type   Attr      Idx    E Section Name        Object

    0x08000000   0x08000000   0x000001d8   Data   RO            3    RESET               startup_stm32g431xx.o
    0x080001d8   0x080001d8   0x00000008   Code   RO         6364  * !!!main             c_w.l(__main.o)
    0x080001e0   0x080001e0   0x00000034   Code   RO         6732    !!!scatter          c_w.l(__scatter.o)
    0x08000214   0x08000214   0x0000001a   Code   RO         6734    !!handler_copy      c_w.l(__scatter_copy.o)
    0x0800022e   0x0800022e   0x00000002   PAD
    0x08000230   0x08000230   0x0000001c   Code   RO         6736    !!handler_zi        c_w.l(__scatter_zi.o)
    0x0800024c   0x0800024c   0x00000000   Code   RO         6349    .ARM.Collect$$_printf_percent$$00000000  c_w.l(_printf_percent.o)
    0x0800024c   0x0800024c   0x00000006   Code   RO         6348    .ARM.Collect$$_printf_percent$$00000003  c_w.l(_printf_f.o)
    0x08000252   0x08000252   0x00000006   Code   RO         6347    .ARM.Collect$$_printf_percent$$00000009  c_w.l(_printf_d.o)
    0x08000258   0x08000258   0x00000004   Code   RO         6463    .ARM.Collect$$_printf_percent$$00000017  c_w.l(_printf_percent_end.o)
    0x0800025c   0x0800025c   0x00000002   Code   RO         6601    .ARM.Collect$$libinit$$00000000  c_w.l(libinit.o)
    0x0800025e   0x0800025e   0x00000004   Code   RO         6602    .ARM.Collect$$libinit$$00000001  c_w.l(libinit2.o)
    0x08000262   0x08000262   0x00000000   Code   RO         6605    .ARM.Collect$$libinit$$00000004  c_w.l(libinit2.o)
    0x08000262   0x08000262   0x00000000   Code   RO         6608    .ARM.Collect$$libinit$$0000000A  c_w.l(libinit2.o)
    0x08000262   0x08000262   0x00000000   Code   RO         6610    .ARM.Collect$$libinit$$0000000C  c_w.l(libinit2.o)
    0x08000262   0x08000262   0x00000000   Code   RO         6612    .ARM.Collect$$libinit$$0000000E  c_w.l(libinit2.o)
    0x08000262   0x08000262   0x00000006   Code   RO         6613    .ARM.Collect$$libinit$$0000000F  c_w.l(libinit2.o)
    0x08000268   0x08000268   0x00000000   Code   RO         6615    .ARM.Collect$$libinit$$00000011  c_w.l(libinit2.o)
    0x08000268   0x08000268   0x00000000   Code   RO         6617    .ARM.Collect$$libinit$$00000013  c_w.l(libinit2.o)
    0x08000268   0x08000268   0x00000000   Code   RO         6619    .ARM.Collect$$libinit$$00000015  c_w.l(libinit2.o)
    0x08000268   0x08000268   0x0000000a   Code   RO         6620    .ARM.Collect$$libinit$$00000016  c_w.l(libinit2.o)
    0x08000272   0x08000272   0x00000000   Code   RO         6621    .ARM.Collect$$libinit$$00000017  c_w.l(libinit2.o)
    0x08000272   0x08000272   0x00000000   Code   RO         6623    .ARM.Collect$$libinit$$00000019  c_w.l(libinit2.o)
    0x08000272   0x08000272   0x00000000   Code   RO         6625    .ARM.Collect$$libinit$$0000001B  c_w.l(libinit2.o)
    0x08000272   0x08000272   0x00000000   Code   RO         6627    .ARM.Collect$$libinit$$0000001D  c_w.l(libinit2.o)
    0x08000272   0x08000272   0x00000000   Code   RO         6629    .ARM.Collect$$libinit$$0000001F  c_w.l(libinit2.o)
    0x08000272   0x08000272   0x00000000   Code   RO         6631    .ARM.Collect$$libinit$$00000021  c_w.l(libinit2.o)
    0x08000272   0x08000272   0x00000000   Code   RO         6633    .ARM.Collect$$libinit$$00000023  c_w.l(libinit2.o)
    0x08000272   0x08000272   0x00000000   Code   RO         6635    .ARM.Collect$$libinit$$00000025  c_w.l(libinit2.o)
    0x08000272   0x08000272   0x00000000   Code   RO         6639    .ARM.Collect$$libinit$$0000002C  c_w.l(libinit2.o)
    0x08000272   0x08000272   0x00000000   Code   RO         6641    .ARM.Collect$$libinit$$0000002E  c_w.l(libinit2.o)
    0x08000272   0x08000272   0x00000000   Code   RO         6643    .ARM.Collect$$libinit$$00000030  c_w.l(libinit2.o)
    0x08000272   0x08000272   0x00000000   Code   RO         6645    .ARM.Collect$$libinit$$00000032  c_w.l(libinit2.o)
    0x08000272   0x08000272   0x00000002   Code   RO         6646    .ARM.Collect$$libinit$$00000033  c_w.l(libinit2.o)
    0x08000274   0x08000274   0x00000002   Code   RO         6690    .ARM.Collect$$libshutdown$$00000000  c_w.l(libshutdown.o)
    0x08000276   0x08000276   0x00000000   Code   RO         6701    .ARM.Collect$$libshutdown$$00000002  c_w.l(libshutdown2.o)
    0x08000276   0x08000276   0x00000000   Code   RO         6703    .ARM.Collect$$libshutdown$$00000004  c_w.l(libshutdown2.o)
    0x08000276   0x08000276   0x00000000   Code   RO         6706    .ARM.Collect$$libshutdown$$00000007  c_w.l(libshutdown2.o)
    0x08000276   0x08000276   0x00000000   Code   RO         6709    .ARM.Collect$$libshutdown$$0000000A  c_w.l(libshutdown2.o)
    0x08000276   0x08000276   0x00000000   Code   RO         6711    .ARM.Collect$$libshutdown$$0000000C  c_w.l(libshutdown2.o)
    0x08000276   0x08000276   0x00000000   Code   RO         6714    .ARM.Collect$$libshutdown$$0000000F  c_w.l(libshutdown2.o)
    0x08000276   0x08000276   0x00000002   Code   RO         6715    .ARM.Collect$$libshutdown$$00000010  c_w.l(libshutdown2.o)
    0x08000278   0x08000278   0x00000000   Code   RO         6450    .ARM.Collect$$rtentry$$00000000  c_w.l(__rtentry.o)
    0x08000278   0x08000278   0x00000000   Code   RO         6521    .ARM.Collect$$rtentry$$00000002  c_w.l(__rtentry2.o)
    0x08000278   0x08000278   0x00000006   Code   RO         6533    .ARM.Collect$$rtentry$$00000004  c_w.l(__rtentry4.o)
    0x0800027e   0x0800027e   0x00000000   Code   RO         6523    .ARM.Collect$$rtentry$$00000009  c_w.l(__rtentry2.o)
    0x0800027e   0x0800027e   0x00000004   Code   RO         6524    .ARM.Collect$$rtentry$$0000000A  c_w.l(__rtentry2.o)
    0x08000282   0x08000282   0x00000000   Code   RO         6526    .ARM.Collect$$rtentry$$0000000C  c_w.l(__rtentry2.o)
    0x08000282   0x08000282   0x00000008   Code   RO         6527    .ARM.Collect$$rtentry$$0000000D  c_w.l(__rtentry2.o)
    0x0800028a   0x0800028a   0x00000002   Code   RO         6647    .ARM.Collect$$rtexit$$00000000  c_w.l(rtexit.o)
    0x0800028c   0x0800028c   0x00000000   Code   RO         6658    .ARM.Collect$$rtexit$$00000002  c_w.l(rtexit2.o)
    0x0800028c   0x0800028c   0x00000004   Code   RO         6659    .ARM.Collect$$rtexit$$00000003  c_w.l(rtexit2.o)
    0x08000290   0x08000290   0x00000006   Code   RO         6660    .ARM.Collect$$rtexit$$00000004  c_w.l(rtexit2.o)
    0x08000296   0x08000296   0x00000002   PAD
    0x08000298   0x08000298   0x000000be   Code   RO         5670    .emb_text           port.o
    0x08000356   0x08000356   0x00000002   PAD
    0x08000358   0x08000358   0x00000040   Code   RO            4    .text               startup_stm32g431xx.o
    0x08000398   0x08000398   0x00000048   Code   RO         6317    .text               c_w.l(llsdiv.o)
    0x080003e0   0x080003e0   0x00000028   Code   RO         6321    .text               c_w.l(noretval__2sprintf.o)
    0x08000408   0x08000408   0x00000078   Code   RO         6325    .text               c_w.l(_printf_dec.o)
    0x08000480   0x08000480   0x0000010e   Code   RO         6335    .text               c_w.l(__printf_wp.o)
    0x0800058e   0x0800058e   0x00000058   Code   RO         6350    .text               c_w.l(memcmp.o)
    0x080005e6   0x080005e6   0x00000064   Code   RO         6354    .text               c_w.l(rt_memcpy_w.o)
    0x0800064a   0x0800064a   0x00000010   Code   RO         6358    .text               c_w.l(aeabi_memset.o)
    0x0800065a   0x0800065a   0x0000004e   Code   RO         6360    .text               c_w.l(rt_memclr_w.o)
    0x080006a8   0x080006a8   0x00000006   Code   RO         6362    .text               c_w.l(heapauxi.o)
    0x080006ae   0x080006ae   0x000000ee   Code   RO         6451    .text               c_w.l(lludivv7m.o)
    0x0800079c   0x0800079c   0x00000016   Code   RO         6453    .text               c_w.l(_rserrno.o)
    0x080007b2   0x080007b2   0x000000b2   Code   RO         6455    .text               c_w.l(_printf_intcommon.o)
    0x08000864   0x08000864   0x0000041e   Code   RO         6457    .text               c_w.l(_printf_fp_dec.o)
    0x08000c82   0x08000c82   0x00000002   PAD
    0x08000c84   0x08000c84   0x00000030   Code   RO         6459    .text               c_w.l(_printf_char_common.o)
    0x08000cb4   0x08000cb4   0x0000000a   Code   RO         6461    .text               c_w.l(_sputc.o)
    0x08000cbe   0x08000cbe   0x00000044   Code   RO         6464    .text               c_w.l(rt_memclr.o)
    0x08000d02   0x08000d02   0x00000002   PAD
    0x08000d04   0x08000d04   0x00000008   Code   RO         6542    .text               c_w.l(rt_locale_intlibspace.o)
    0x08000d0c   0x08000d0c   0x00000008   Code   RO         6547    .text               c_w.l(rt_errno_addr_intlibspace.o)
    0x08000d14   0x08000d14   0x0000008a   Code   RO         6549    .text               c_w.l(lludiv10.o)
    0x08000d9e   0x08000d9e   0x00000002   PAD
    0x08000da0   0x08000da0   0x00000080   Code   RO         6551    .text               c_w.l(_printf_fp_infnan.o)
    0x08000e20   0x08000e20   0x000000e4   Code   RO         6555    .text               c_w.l(bigflt0.o)
    0x08000f04   0x08000f04   0x00000008   Code   RO         6585    .text               c_w.l(libspace.o)
    0x08000f0c   0x08000f0c   0x0000004a   Code   RO         6588    .text               c_w.l(sys_stackheap_outer.o)
    0x08000f56   0x08000f56   0x00000012   Code   RO         6592    .text               c_w.l(exit.o)
    0x08000f68   0x08000f68   0x00000080   Code   RO         6594    .text               c_w.l(strcmpv7m.o)
    0x08000fe8   0x08000fe8   0x0000000c   Code   RO         6676    .text               c_w.l(sys_exit.o)
    0x08000ff4   0x08000ff4   0x00000002   Code   RO         6693    .text               c_w.l(use_no_semi.o)
    0x08000ff6   0x08000ff6   0x00000000   Code   RO         6695    .text               c_w.l(indicate_semi.o)
    0x08000ff6   0x08000ff6   0x0000003e   Code   RO         6558    CL$$btod_d2e        c_w.l(btod.o)
    0x08001034   0x08001034   0x00000046   Code   RO         6560    CL$$btod_d2e_denorm_low  c_w.l(btod.o)
    0x0800107a   0x0800107a   0x00000060   Code   RO         6559    CL$$btod_d2e_norm_op1  c_w.l(btod.o)
    0x080010da   0x080010da   0x00000338   Code   RO         6568    CL$$btod_div_common  c_w.l(btod.o)
    0x08001412   0x08001412   0x000000dc   Code   RO         6565    CL$$btod_e2e        c_w.l(btod.o)
    0x080014ee   0x080014ee   0x0000002a   Code   RO         6562    CL$$btod_ediv       c_w.l(btod.o)
    0x08001518   0x08001518   0x0000002a   Code   RO         6561    CL$$btod_emul       c_w.l(btod.o)
    0x08001542   0x08001542   0x00000244   Code   RO         6567    CL$$btod_mult_common  c_w.l(btod.o)
    0x08001786   0x08001786   0x00000002   Code   RO          761    i.BusFault_Handler  stm32g4xx_it.o
    0x08001788   0x08001788   0x0000008c   Code   RO          561    i.CANTaskEntry      app_freertos.o
    0x08001814   0x08001814   0x0000022c   Code   RO          562    i.ControlTaskEntry  app_freertos.o
    0x08001a40   0x08001a40   0x0000001c   Code   RO          327    i.DELAY_ms          delay.o
    0x08001a5c   0x08001a5c   0x00000014   Code   RO          328    i.DELAY_us          delay.o
    0x08001a70   0x08001a70   0x000001a4   Code   RO          563    i.DHT11ReadEntry    app_freertos.o
    0x08001c14   0x08001c14   0x00000002   Code   RO          762    i.DebugMon_Handler  stm32g4xx_it.o
    0x08001c16   0x08001c16   0x0000001c   Code   RO           13    i.Delay_LCD         lcd.o
    0x08001c32   0x08001c32   0x00000004   Code   RO          407    i.Error_Handler     main.o
    0x08001c36   0x08001c36   0x00000002   PAD
    0x08001c38   0x08001c38   0x00000064   Code   RO          894    i.FDCAN_CopyMessageToRAM  stm32g4xx_hal_fdcan.o
    0x08001c9c   0x08001c9c   0x00000024   Code   RO         1286    i.HAL_Delay         stm32g4xx_hal.o
    0x08001cc0   0x08001cc0   0x000000e0   Code   RO          896    i.HAL_FDCAN_ActivateNotification  stm32g4xx_hal_fdcan.o
    0x08001da0   0x08001da0   0x0000004a   Code   RO          897    i.HAL_FDCAN_AddMessageToTxFifoQ  stm32g4xx_hal_fdcan.o
    0x08001dea   0x08001dea   0x0000005c   Code   RO          899    i.HAL_FDCAN_ConfigFilter  stm32g4xx_hal_fdcan.o
    0x08001e46   0x08001e46   0x00000036   Code   RO          900    i.HAL_FDCAN_ConfigGlobalFilter  stm32g4xx_hal_fdcan.o
    0x08001e7c   0x08001e7c   0x00000204   Code   RO          938    i.HAL_FDCAN_Init    stm32g4xx_hal_fdcan.o
    0x08002080   0x08002080   0x0000007c   Code   RO          624    i.HAL_FDCAN_MspInit  fdcan.o
    0x080020fc   0x080020fc   0x0000002c   Code   RO          947    i.HAL_FDCAN_Start   stm32g4xx_hal_fdcan.o
    0x08002128   0x08002128   0x00000248   Code   RO         1995    i.HAL_GPIO_Init     stm32g4xx_hal_gpio.o
    0x08002370   0x08002370   0x0000000a   Code   RO         1999    i.HAL_GPIO_WritePin  stm32g4xx_hal_gpio.o
    0x0800237a   0x0800237a   0x00000002   PAD
    0x0800237c   0x0800237c   0x0000000c   Code   RO         1290    i.HAL_GetTick       stm32g4xx_hal.o
    0x08002388   0x08002388   0x00000056   Code   RO         3256    i.HAL_I2CEx_ConfigAnalogFilter  stm32g4xx_hal_i2c_ex.o
    0x080023de   0x080023de   0x00000052   Code   RO         3257    i.HAL_I2CEx_ConfigDigitalFilter  stm32g4xx_hal_i2c_ex.o
    0x08002430   0x08002430   0x00000004   Code   RO         2792    i.HAL_I2C_GetError  stm32g4xx_hal_i2c.o
    0x08002434   0x08002434   0x000000bc   Code   RO         2795    i.HAL_I2C_Init      stm32g4xx_hal_i2c.o
    0x080024f0   0x080024f0   0x00000164   Code   RO         2813    i.HAL_I2C_Mem_Read  stm32g4xx_hal_i2c.o
    0x08002654   0x08002654   0x00000158   Code   RO         2816    i.HAL_I2C_Mem_Write  stm32g4xx_hal_i2c.o
    0x080027ac   0x080027ac   0x000000a4   Code   RO          666    i.HAL_I2C_MspInit   i2c.o
    0x08002850   0x08002850   0x00000010   Code   RO         1296    i.HAL_IncTick       stm32g4xx_hal.o
    0x08002860   0x08002860   0x0000001e   Code   RO         1297    i.HAL_Init          stm32g4xx_hal.o
    0x0800287e   0x0800287e   0x00000002   PAD
    0x08002880   0x08002880   0x00000088   Code   RO          855    i.HAL_InitTick      stm32g4xx_hal_timebase_tim.o
    0x08002908   0x08002908   0x0000003c   Code   RO          831    i.HAL_MspInit       stm32g4xx_hal_msp.o
    0x08002944   0x08002944   0x0000001a   Code   RO         2644    i.HAL_NVIC_EnableIRQ  stm32g4xx_hal_cortex.o
    0x0800295e   0x0800295e   0x00000002   PAD
    0x08002960   0x08002960   0x00000040   Code   RO         2650    i.HAL_NVIC_SetPriority  stm32g4xx_hal_cortex.o
    0x080029a0   0x080029a0   0x00000024   Code   RO         2651    i.HAL_NVIC_SetPriorityGrouping  stm32g4xx_hal_cortex.o
    0x080029c4   0x080029c4   0x000000bc   Code   RO         2398    i.HAL_PWREx_ControlVoltageScaling  stm32g4xx_hal_pwr_ex.o
    0x08002a80   0x08002a80   0x00000010   Code   RO         2410    i.HAL_PWREx_DisableUCPDDeadBattery  stm32g4xx_hal_pwr_ex.o
    0x08002a90   0x08002a90   0x00000288   Code   RO         1657    i.HAL_RCCEx_PeriphCLKConfig  stm32g4xx_hal_rcc_ex.o
    0x08002d18   0x08002d18   0x000001dc   Code   RO         1532    i.HAL_RCC_ClockConfig  stm32g4xx_hal_rcc.o
    0x08002ef4   0x08002ef4   0x00000040   Code   RO         1537    i.HAL_RCC_GetClockConfig  stm32g4xx_hal_rcc.o
    0x08002f34   0x08002f34   0x00000024   Code   RO         1541    i.HAL_RCC_GetPCLK2Freq  stm32g4xx_hal_rcc.o
    0x08002f58   0x08002f58   0x00000070   Code   RO         1542    i.HAL_RCC_GetSysClockFreq  stm32g4xx_hal_rcc.o
    0x08002fc8   0x08002fc8   0x00000404   Code   RO         1545    i.HAL_RCC_OscConfig  stm32g4xx_hal_rcc.o
    0x080033cc   0x080033cc   0x00000002   Code   RO         4026    i.HAL_TIMEx_Break2Callback  stm32g4xx_hal_tim_ex.o
    0x080033ce   0x080033ce   0x00000002   Code   RO         4027    i.HAL_TIMEx_BreakCallback  stm32g4xx_hal_tim_ex.o
    0x080033d0   0x080033d0   0x00000002   Code   RO         4028    i.HAL_TIMEx_CommutCallback  stm32g4xx_hal_tim_ex.o
    0x080033d2   0x080033d2   0x00000002   PAD
    0x080033d4   0x080033d4   0x0000009c   Code   RO         4031    i.HAL_TIMEx_ConfigBreakDeadTime  stm32g4xx_hal_tim_ex.o
    0x08003470   0x08003470   0x00000002   Code   RO         4039    i.HAL_TIMEx_DirectionChangeCallback  stm32g4xx_hal_tim_ex.o
    0x08003472   0x08003472   0x00000002   Code   RO         4053    i.HAL_TIMEx_EncoderIndexCallback  stm32g4xx_hal_tim_ex.o
    0x08003474   0x08003474   0x00000002   Code   RO         4067    i.HAL_TIMEx_IndexErrorCallback  stm32g4xx_hal_tim_ex.o
    0x08003476   0x08003476   0x00000002   PAD
    0x08003478   0x08003478   0x0000009c   Code   RO         4068    i.HAL_TIMEx_MasterConfigSynchronization  stm32g4xx_hal_tim_ex.o
    0x08003514   0x08003514   0x00000002   Code   RO         4089    i.HAL_TIMEx_TransitionErrorCallback  stm32g4xx_hal_tim_ex.o
    0x08003516   0x08003516   0x00000062   Code   RO         3312    i.HAL_TIM_Base_Init  stm32g4xx_hal_tim.o
    0x08003578   0x08003578   0x00000040   Code   RO          708    i.HAL_TIM_Base_MspInit  tim.o
    0x080035b8   0x080035b8   0x00000078   Code   RO         3317    i.HAL_TIM_Base_Start_IT  stm32g4xx_hal_tim.o
    0x08003630   0x08003630   0x00000100   Code   RO         3321    i.HAL_TIM_ConfigClockSource  stm32g4xx_hal_tim.o
    0x08003730   0x08003730   0x00000002   Code   RO         3346    i.HAL_TIM_IC_CaptureCallback  stm32g4xx_hal_tim.o
    0x08003732   0x08003732   0x000001a2   Code   RO         3360    i.HAL_TIM_IRQHandler  stm32g4xx_hal_tim.o
    0x080038d4   0x080038d4   0x00000080   Code   RO          709    i.HAL_TIM_MspPostInit  tim.o
    0x08003954   0x08003954   0x00000002   Code   RO         3363    i.HAL_TIM_OC_DelayElapsedCallback  stm32g4xx_hal_tim.o
    0x08003956   0x08003956   0x00000124   Code   RO         3384    i.HAL_TIM_PWM_ConfigChannel  stm32g4xx_hal_tim.o
    0x08003a7a   0x08003a7a   0x00000062   Code   RO         3387    i.HAL_TIM_PWM_Init  stm32g4xx_hal_tim.o
    0x08003adc   0x08003adc   0x00000002   Code   RO         3389    i.HAL_TIM_PWM_MspInit  stm32g4xx_hal_tim.o
    0x08003ade   0x08003ade   0x00000002   Code   RO         3390    i.HAL_TIM_PWM_PulseFinishedCallback  stm32g4xx_hal_tim.o
    0x08003ae0   0x08003ae0   0x000000fc   Code   RO         3392    i.HAL_TIM_PWM_Start  stm32g4xx_hal_tim.o
    0x08003bdc   0x08003bdc   0x00000014   Code   RO          409    i.HAL_TIM_PeriodElapsedCallback  main.o
    0x08003bf0   0x08003bf0   0x00000002   Code   RO         3403    i.HAL_TIM_TriggerCallback  stm32g4xx_hal_tim.o
    0x08003bf2   0x08003bf2   0x00000002   Code   RO          764    i.HardFault_Handler  stm32g4xx_it.o
    0x08003bf4   0x08003bf4   0x00000022   Code   RO         2842    i.I2C_Flush_TXDR    stm32g4xx_hal_i2c.o
    0x08003c16   0x08003c16   0x00000002   PAD
    0x08003c18   0x08003c18   0x0000010c   Code   RO         2850    i.I2C_IsErrorOccurred  stm32g4xx_hal_i2c.o
    0x08003d24   0x08003d24   0x00000064   Code   RO         2855    i.I2C_RequestMemoryRead  stm32g4xx_hal_i2c.o
    0x08003d88   0x08003d88   0x00000064   Code   RO         2856    i.I2C_RequestMemoryWrite  stm32g4xx_hal_i2c.o
    0x08003dec   0x08003dec   0x00000030   Code   RO         2859    i.I2C_TransferConfig  stm32g4xx_hal_i2c.o
    0x08003e1c   0x08003e1c   0x0000007a   Code   RO         2861    i.I2C_WaitOnFlagUntilTimeout  stm32g4xx_hal_i2c.o
    0x08003e96   0x08003e96   0x00000056   Code   RO         2863    i.I2C_WaitOnSTOPFlagUntilTimeout  stm32g4xx_hal_i2c.o
    0x08003eec   0x08003eec   0x0000005a   Code   RO         2864    i.I2C_WaitOnTXISFlagUntilTimeout  stm32g4xx_hal_i2c.o
    0x08003f46   0x08003f46   0x00000002   PAD
    0x08003f48   0x08003f48   0x0000002c   Code   RO           14    i.LCD_BusIn         lcd.o
    0x08003f74   0x08003f74   0x00000030   Code   RO           15    i.LCD_BusOut        lcd.o
    0x08003fa4   0x08003fa4   0x00000024   Code   RO           16    i.LCD_Clear         lcd.o
    0x08003fc8   0x08003fc8   0x00000090   Code   RO           18    i.LCD_CtrlLinesConfig  lcd.o
    0x08004058   0x08004058   0x00000018   Code   RO           19    i.LCD_DisplayChar   lcd.o
    0x08004070   0x08004070   0x0000002a   Code   RO           22    i.LCD_DisplayStringLine  lcd.o
    0x0800409a   0x0800409a   0x00000002   PAD
    0x0800409c   0x0800409c   0x00000058   Code   RO           23    i.LCD_DrawChar      lcd.o
    0x080040f4   0x080040f4   0x00000034   Code   RO           29    i.LCD_Init          lcd.o
    0x08004128   0x08004128   0x00000080   Code   RO           32    i.LCD_ReadReg       lcd.o
    0x080041a8   0x080041a8   0x00000010   Code   RO           33    i.LCD_SetBackColor  lcd.o
    0x080041b8   0x080041b8   0x00000018   Code   RO           34    i.LCD_SetCursor     lcd.o
    0x080041d0   0x080041d0   0x00000010   Code   RO           36    i.LCD_SetTextColor  lcd.o
    0x080041e0   0x080041e0   0x00000058   Code   RO           39    i.LCD_WriteRAM      lcd.o
    0x08004238   0x08004238   0x0000005c   Code   RO           40    i.LCD_WriteRAM_Prepare  lcd.o
    0x08004294   0x08004294   0x0000006c   Code   RO           41    i.LCD_WriteReg      lcd.o
    0x08004300   0x08004300   0x00000164   Code   RO         6276    i.MPU6050_DMP_Get_Date  mpu6050.o
    0x08004464   0x08004464   0x000000b0   Code   RO         6277    i.MPU6050_DMP_init  mpu6050.o
    0x08004514   0x08004514   0x00000084   Code   RO          625    i.MX_FDCAN1_Init    fdcan.o
    0x08004598   0x08004598   0x00000080   Code   RO          564    i.MX_FREERTOS_Init  app_freertos.o
    0x08004618   0x08004618   0x000000cc   Code   RO          537    i.MX_GPIO_Init      gpio.o
    0x080046e4   0x080046e4   0x00000058   Code   RO          667    i.MX_I2C1_Init      i2c.o
    0x0800473c   0x0800473c   0x000000cc   Code   RO          710    i.MX_TIM15_Init     tim.o
    0x08004808   0x08004808   0x0000009c   Code   RO          711    i.MX_TIM3_Init      tim.o
    0x080048a4   0x080048a4   0x00000002   Code   RO          765    i.MemManage_Handler  stm32g4xx_it.o
    0x080048a6   0x080048a6   0x00000002   PAD
    0x080048a8   0x080048a8   0x00000058   Code   RO          368    i.Motoe_42Init      42motor.o
    0x08004900   0x08004900   0x0000000c   Code   RO          369    i.Motor_42_W_DIR    42motor.o
    0x0800490c   0x0800490c   0x0000000c   Code   RO          370    i.Motor_42_W_ENABLE  42motor.o
    0x08004918   0x08004918   0x00000002   Code   RO          766    i.NMI_Handler       stm32g4xx_it.o
    0x0800491a   0x0800491a   0x00000112   Code   RO           42    i.REG_8230_Init     lcd.o
    0x08004a2c   0x08004a2c   0x00000202   Code   RO           43    i.REG_932X_Init     lcd.o
    0x08004c2e   0x08004c2e   0x00000008   Code   RO          565    i.StartDefaultTask  app_freertos.o
    0x08004c36   0x08004c36   0x00000002   PAD
    0x08004c38   0x08004c38   0x0000002c   Code   RO         5671    i.SysTick_Handler   port.o
    0x08004c64   0x08004c64   0x00000066   Code   RO          410    i.SystemClock_Config  main.o
    0x08004cca   0x08004cca   0x00000002   PAD
    0x08004ccc   0x08004ccc   0x00000010   Code   RO         4456    i.SystemInit        system_stm32g4xx.o
    0x08004cdc   0x08004cdc   0x0000000c   Code   RO          767    i.TIM1_TRG_COM_TIM17_IRQHandler  stm32g4xx_it.o
    0x08004ce8   0x08004ce8   0x000000bc   Code   RO         3405    i.TIM_Base_SetConfig  stm32g4xx_hal_tim.o
    0x08004da4   0x08004da4   0x0000001a   Code   RO         3406    i.TIM_CCxChannelCmd  stm32g4xx_hal_tim.o
    0x08004dbe   0x08004dbe   0x00000014   Code   RO         3416    i.TIM_ETR_SetConfig  stm32g4xx_hal_tim.o
    0x08004dd2   0x08004dd2   0x00000002   PAD
    0x08004dd4   0x08004dd4   0x00000014   Code   RO         3417    i.TIM_ITRx_SetConfig  stm32g4xx_hal_tim.o
    0x08004de8   0x08004de8   0x0000009c   Code   RO         3418    i.TIM_OC1_SetConfig  stm32g4xx_hal_tim.o
    0x08004e84   0x08004e84   0x00000090   Code   RO         3419    i.TIM_OC2_SetConfig  stm32g4xx_hal_tim.o
    0x08004f14   0x08004f14   0x00000090   Code   RO         3420    i.TIM_OC3_SetConfig  stm32g4xx_hal_tim.o
    0x08004fa4   0x08004fa4   0x00000090   Code   RO         3421    i.TIM_OC4_SetConfig  stm32g4xx_hal_tim.o
    0x08005034   0x08005034   0x00000070   Code   RO         3422    i.TIM_OC5_SetConfig  stm32g4xx_hal_tim.o
    0x080050a4   0x080050a4   0x00000070   Code   RO         3423    i.TIM_OC6_SetConfig  stm32g4xx_hal_tim.o
    0x08005114   0x08005114   0x00000022   Code   RO         3425    i.TIM_TI1_ConfigInputStage  stm32g4xx_hal_tim.o
    0x08005136   0x08005136   0x00000024   Code   RO         3427    i.TIM_TI2_ConfigInputStage  stm32g4xx_hal_tim.o
    0x0800515a   0x0800515a   0x00000002   Code   RO          768    i.UsageFault_Handler  stm32g4xx_it.o
    0x0800515c   0x0800515c   0x00000030   Code   RO         6515    i.__ARM_fpclassify  m_wm.l(fpclassify.o)
    0x0800518c   0x0800518c   0x00000020   Code   RO         2657    i.__NVIC_SetPriority  stm32g4xx_hal_cortex.o
    0x080051ac   0x080051ac   0x00000004   PAD
    0x080051b0   0x080051b0   0x00000360   Code   RO         6412    i.__hardfp_asin     m_wm.l(asin.o)
    0x08005510   0x08005510   0x000002d8   Code   RO         6481    i.__hardfp_atan     m_wm.l(atan.o)
    0x080057e8   0x080057e8   0x000001f0   Code   RO         6426    i.__hardfp_atan2    m_wm.l(atan2.o)
    0x080059d8   0x080059d8   0x000000f8   Code   RO         6517    i.__kernel_poly     m_wm.l(poly.o)
    0x08005ad0   0x08005ad0   0x00000014   Code   RO         6496    i.__mathlib_dbl_infnan  m_wm.l(dunder.o)
    0x08005ae4   0x08005ae4   0x00000014   Code   RO         6497    i.__mathlib_dbl_infnan2  m_wm.l(dunder.o)
    0x08005af8   0x08005af8   0x00000020   Code   RO         6498    i.__mathlib_dbl_invalid  m_wm.l(dunder.o)
    0x08005b18   0x08005b18   0x00000020   Code   RO         6501    i.__mathlib_dbl_underflow  m_wm.l(dunder.o)
    0x08005b38   0x08005b38   0x0000000e   Code   RO         6337    i._is_digit         c_w.l(__printf_wp.o)
    0x08005b46   0x08005b46   0x00000002   PAD
    0x08005b48   0x08005b48   0x00000090   Code   RO         5750    i.accel_self_test   inv_mpu.o
    0x08005bd8   0x08005bd8   0x00000010   Code   RO         6483    i.atan              m_wm.l(atan.o)
    0x08005be8   0x08005be8   0x0000003a   Code   RO         6091    i.dmp_enable_6x_lp_quat  inv_mpu_dmp_motion_driver.o
    0x08005c22   0x08005c22   0x00000002   PAD
    0x08005c24   0x08005c24   0x000001d8   Code   RO         6092    i.dmp_enable_feature  inv_mpu_dmp_motion_driver.o
    0x08005dfc   0x08005dfc   0x0000003c   Code   RO         6093    i.dmp_enable_gyro_cal  inv_mpu_dmp_motion_driver.o
    0x08005e38   0x08005e38   0x0000003a   Code   RO         6094    i.dmp_enable_lp_quat  inv_mpu_dmp_motion_driver.o
    0x08005e72   0x08005e72   0x00000002   PAD
    0x08005e74   0x08005e74   0x00000014   Code   RO         6099    i.dmp_load_motion_driver_firmware  inv_mpu_dmp_motion_driver.o
    0x08005e88   0x08005e88   0x0000014c   Code   RO         6100    i.dmp_read_fifo     inv_mpu_dmp_motion_driver.o
    0x08005fd4   0x08005fd4   0x000000d8   Code   RO         6103    i.dmp_set_accel_bias  inv_mpu_dmp_motion_driver.o
    0x080060ac   0x080060ac   0x00000064   Code   RO         6104    i.dmp_set_fifo_rate  inv_mpu_dmp_motion_driver.o
    0x08006110   0x08006110   0x000000cc   Code   RO         6105    i.dmp_set_gyro_bias  inv_mpu_dmp_motion_driver.o
    0x080061dc   0x080061dc   0x0000010c   Code   RO         6107    i.dmp_set_orientation  inv_mpu_dmp_motion_driver.o
    0x080062e8   0x080062e8   0x00000030   Code   RO         6110    i.dmp_set_shake_reject_thresh  inv_mpu_dmp_motion_driver.o
    0x08006318   0x08006318   0x00000020   Code   RO         6111    i.dmp_set_shake_reject_time  inv_mpu_dmp_motion_driver.o
    0x08006338   0x08006338   0x00000020   Code   RO         6112    i.dmp_set_shake_reject_timeout  inv_mpu_dmp_motion_driver.o
    0x08006358   0x08006358   0x00000040   Code   RO         6113    i.dmp_set_tap_axes  inv_mpu_dmp_motion_driver.o
    0x08006398   0x08006398   0x00000022   Code   RO         6114    i.dmp_set_tap_count  inv_mpu_dmp_motion_driver.o
    0x080063ba   0x080063ba   0x00000002   PAD
    0x080063bc   0x080063bc   0x00000160   Code   RO         6115    i.dmp_set_tap_thresh  inv_mpu_dmp_motion_driver.o
    0x0800651c   0x0800651c   0x00000020   Code   RO         6116    i.dmp_set_tap_time  inv_mpu_dmp_motion_driver.o
    0x0800653c   0x0800653c   0x00000020   Code   RO         6117    i.dmp_set_tap_time_multi  inv_mpu_dmp_motion_driver.o
    0x0800655c   0x0800655c   0x00000018   Code   RO         6511    i.fabs              m_wm.l(fabs.o)
    0x08006574   0x08006574   0x000000c4   Code   RO         5751    i.get_accel_prod_shift  inv_mpu.o
    0x08006638   0x08006638   0x000003f4   Code   RO         5752    i.get_st_biases     inv_mpu.o
    0x08006a2c   0x08006a2c   0x000000ec   Code   RO         5753    i.gyro_self_test    inv_mpu.o
    0x08006b18   0x08006b18   0x00000048   Code   RO         6278    i.inv_row_2_scale   mpu6050.o
    0x08006b60   0x08006b60   0x000003f4   Code   RO          412    i.main              main.o
    0x08006f54   0x08006f54   0x0000000c   Code   RO         5236    i.makeFreeRtosPriority  cmsis_os.o
    0x08006f60   0x08006f60   0x00000054   Code   RO         5754    i.mpu_configure_fifo  inv_mpu.o
    0x08006fb4   0x08006fb4   0x0000003c   Code   RO         5755    i.mpu_get_accel_fsr  inv_mpu.o
    0x08006ff0   0x08006ff0   0x00000044   Code   RO         5757    i.mpu_get_accel_sens  inv_mpu.o
    0x08007034   0x08007034   0x00000034   Code   RO         5763    i.mpu_get_gyro_fsr  inv_mpu.o
    0x08007068   0x08007068   0x0000004c   Code   RO         5765    i.mpu_get_gyro_sens  inv_mpu.o
    0x080070b4   0x080070b4   0x00000038   Code   RO         5767    i.mpu_get_lpf       inv_mpu.o
    0x080070ec   0x080070ec   0x0000001c   Code   RO         5769    i.mpu_get_sample_rate  inv_mpu.o
    0x08007108   0x08007108   0x000000dc   Code   RO         5771    i.mpu_init          inv_mpu.o
    0x080071e4   0x080071e4   0x000000b0   Code   RO         5772    i.mpu_load_firmware  inv_mpu.o
    0x08007294   0x08007294   0x000000d4   Code   RO         5773    i.mpu_lp_accel_mode  inv_mpu.o
    0x08007368   0x08007368   0x000000c0   Code   RO         5779    i.mpu_read_fifo_stream  inv_mpu.o
    0x08007428   0x08007428   0x00000074   Code   RO         5780    i.mpu_read_mem      inv_mpu.o
    0x0800749c   0x0800749c   0x000001c0   Code   RO         5783    i.mpu_reset_fifo    inv_mpu.o
    0x0800765c   0x0800765c   0x000000f0   Code   RO         5784    i.mpu_run_self_test  inv_mpu.o
    0x0800774c   0x0800774c   0x00000078   Code   RO         5787    i.mpu_set_accel_fsr  inv_mpu.o
    0x080077c4   0x080077c4   0x00000138   Code   RO         5788    i.mpu_set_bypass    inv_mpu.o
    0x080078fc   0x080078fc   0x00000094   Code   RO         5790    i.mpu_set_dmp_state  inv_mpu.o
    0x08007990   0x08007990   0x00000080   Code   RO         5792    i.mpu_set_gyro_fsr  inv_mpu.o
    0x08007a10   0x08007a10   0x00000074   Code   RO         5793    i.mpu_set_int_latched  inv_mpu.o
    0x08007a84   0x08007a84   0x00000080   Code   RO         5795    i.mpu_set_lpf       inv_mpu.o
    0x08007b04   0x08007b04   0x00000098   Code   RO         5796    i.mpu_set_sample_rate  inv_mpu.o
    0x08007b9c   0x08007b9c   0x000000dc   Code   RO         5797    i.mpu_set_sensors   inv_mpu.o
    0x08007c78   0x08007c78   0x00000074   Code   RO         5798    i.mpu_write_mem     inv_mpu.o
    0x08007cec   0x08007cec   0x0000000e   Code   RO         5238    i.osDelay           cmsis_os.o
    0x08007cfa   0x08007cfa   0x0000000a   Code   RO         5241    i.osKernelStart     cmsis_os.o
    0x08007d04   0x08007d04   0x00000008   Code   RO         5250    i.osMessageCreate   cmsis_os.o
    0x08007d0c   0x08007d0c   0x0000002e   Code   RO         5275    i.osThreadCreate    cmsis_os.o
    0x08007d3a   0x08007d3a   0x00000002   PAD
    0x08007d3c   0x08007d3c   0x00000070   Code   RO         4924    i.prvAddCurrentTaskToDelayedList  tasks.o
    0x08007dac   0x08007dac   0x000000d0   Code   RO         4925    i.prvAddNewTaskToReadyList  tasks.o
    0x08007e7c   0x08007e7c   0x00000014   Code   RO         4926    i.prvDeleteTCB      tasks.o
    0x08007e90   0x08007e90   0x0000004c   Code   RO         5603    i.prvHeapInit       heap_4.o
    0x08007edc   0x08007edc   0x00000060   Code   RO         4927    i.prvIdleTask       tasks.o
    0x08007f3c   0x08007f3c   0x00000098   Code   RO         4928    i.prvInitialiseNewTask  tasks.o
    0x08007fd4   0x08007fd4   0x0000004c   Code   RO         5604    i.prvInsertBlockIntoFreeList  heap_4.o
    0x08008020   0x08008020   0x00000020   Code   RO         4929    i.prvResetNextTaskUnblockTime  tasks.o
    0x08008040   0x08008040   0x00000028   Code   RO         5672    i.prvTaskExitError  port.o
    0x08008068   0x08008068   0x000000dc   Code   RO         5605    i.pvPortMalloc      heap_4.o
    0x08008144   0x08008144   0x0000002c   Code   RO         5673    i.pxPortInitialiseStack  port.o
    0x08008170   0x08008170   0x0000008a   Code   RO         6279    i.run_self_test     mpu6050.o
    0x080081fa   0x080081fa   0x00000002   PAD
    0x080081fc   0x080081fc   0x0000007c   Code   RO         5799    i.set_int_enable    inv_mpu.o
    0x08008278   0x08008278   0x0000006e   Code   RO         6440    i.sqrt              m_wm.l(sqrt.o)
    0x080082e6   0x080082e6   0x00000026   Code   RO         4588    i.uxListRemove      list.o
    0x0800830c   0x0800830c   0x00000016   Code   RO         4589    i.vListInitialise   list.o
    0x08008322   0x08008322   0x00000006   Code   RO         4590    i.vListInitialiseItem  list.o
    0x08008328   0x08008328   0x00000030   Code   RO         4591    i.vListInsert       list.o
    0x08008358   0x08008358   0x00000018   Code   RO         4592    i.vListInsertEnd    list.o
    0x08008370   0x08008370   0x00000040   Code   RO         5675    i.vPortEnterCritical  port.o
    0x080083b0   0x080083b0   0x00000028   Code   RO         5676    i.vPortExitCritical  port.o
    0x080083d8   0x080083d8   0x00000064   Code   RO         5606    i.vPortFree         heap_4.o
    0x0800843c   0x0800843c   0x00000024   Code   RO         5677    i.vPortSetupTimerInterrupt  port.o
    0x08008460   0x08008460   0x0000004c   Code   RO         4938    i.vTaskDelay        tasks.o
    0x080084ac   0x080084ac   0x00000068   Code   RO         4951    i.vTaskStartScheduler  tasks.o
    0x08008514   0x08008514   0x00000010   Code   RO         4953    i.vTaskSuspendAll   tasks.o
    0x08008524   0x08008524   0x0000005c   Code   RO         4954    i.vTaskSwitchContext  tasks.o
    0x08008580   0x08008580   0x000000f4   Code   RO         5679    i.xPortStartScheduler  port.o
    0x08008674   0x08008674   0x00000042   Code   RO         4639    i.xQueueGenericCreate  queue.o
    0x080086b6   0x080086b6   0x00000002   PAD
    0x080086b8   0x080086b8   0x00000088   Code   RO         4640    i.xQueueGenericReset  queue.o
    0x08008740   0x08008740   0x00000056   Code   RO         4957    i.xTaskCreate       tasks.o
    0x08008796   0x08008796   0x00000002   PAD
    0x08008798   0x08008798   0x000000cc   Code   RO         4964    i.xTaskIncrementTick  tasks.o
    0x08008864   0x08008864   0x00000078   Code   RO         4969    i.xTaskRemoveFromEventList  tasks.o
    0x080088dc   0x080088dc   0x000000c4   Code   RO         4970    i.xTaskResumeAll    tasks.o
    0x080089a0   0x080089a0   0x0000002c   Code   RO         6581    locale$$code        c_w.l(lc_numeric_c.o)
    0x080089cc   0x080089cc   0x00000018   Code   RO         6466    x$fpl$basic         fz_wm.l(basic.o)
    0x080089e4   0x080089e4   0x00000062   Code   RO         6366    x$fpl$d2f           fz_wm.l(d2f.o)
    0x08008a46   0x08008a46   0x00000002   PAD
    0x08008a48   0x08008a48   0x00000150   Code   RO         6368    x$fpl$dadd          fz_wm.l(daddsub_clz.o)
    0x08008b98   0x08008b98   0x000002b0   Code   RO         6375    x$fpl$ddiv          fz_wm.l(ddiv.o)
    0x08008e48   0x08008e48   0x0000005e   Code   RO         6378    x$fpl$dfix          fz_wm.l(dfix.o)
    0x08008ea6   0x08008ea6   0x0000002e   Code   RO         6383    x$fpl$dflt          fz_wm.l(dflt_clz.o)
    0x08008ed4   0x08008ed4   0x00000154   Code   RO         6390    x$fpl$dmul          fz_wm.l(dmul.o)
    0x08009028   0x08009028   0x0000009c   Code   RO         6470    x$fpl$dnaninf       fz_wm.l(dnaninf.o)
    0x080090c4   0x080090c4   0x0000000c   Code   RO         6472    x$fpl$dretinf       fz_wm.l(dretinf.o)
    0x080090d0   0x080090d0   0x00000016   Code   RO         6369    x$fpl$drsb          fz_wm.l(daddsub_clz.o)
    0x080090e6   0x080090e6   0x00000002   PAD
    0x080090e8   0x080090e8   0x00000198   Code   RO         6474    x$fpl$dsqrt         fz_wm.l(dsqrt_umaal.o)
    0x08009280   0x08009280   0x000001d4   Code   RO         6370    x$fpl$dsub          fz_wm.l(daddsub_clz.o)
    0x08009454   0x08009454   0x00000056   Code   RO         6394    x$fpl$f2d           fz_wm.l(f2d.o)
    0x080094aa   0x080094aa   0x0000008c   Code   RO         6476    x$fpl$fnaninf       fz_wm.l(fnaninf.o)
    0x08009536   0x08009536   0x0000000a   Code   RO         6655    x$fpl$fpinit        fz_wm.l(fpinit.o)
    0x08009540   0x08009540   0x0000000a   Code   RO         6478    x$fpl$fretinf       fz_wm.l(fretinf.o)
    0x0800954a   0x0800954a   0x00000004   Code   RO         6396    x$fpl$printf1       fz_wm.l(printf1.o)
    0x0800954e   0x0800954e   0x00000000   Code   RO         6480    x$fpl$usenofp       fz_wm.l(usenofp.o)
    0x0800954e   0x0800954e   0x000011d0   Data   RO           44    .constdata          lcd.o
    0x0800a71e   0x0800a71e   0x00000002   PAD
    0x0800a720   0x0800a720   0x00000058   Data   RO          566    .constdata          app_freertos.o
    0x0800a778   0x0800a778   0x00000010   Data   RO          955    .constdata          stm32g4xx_hal_fdcan.o
    0x0800a788   0x0800a788   0x00000010   Data   RO         4457    .constdata          system_stm32g4xx.o
    0x0800a798   0x0800a798   0x00000008   Data   RO         4458    .constdata          system_stm32g4xx.o
    0x0800a7a0   0x0800a7a0   0x0000001e   Data   RO         5800    .constdata          inv_mpu.o
    0x0800a7be   0x0800a7be   0x0000000c   Data   RO         5801    .constdata          inv_mpu.o
    0x0800a7ca   0x0800a7ca   0x00000002   PAD
    0x0800a7cc   0x0800a7cc   0x00000028   Data   RO         5802    .constdata          inv_mpu.o
    0x0800a7f4   0x0800a7f4   0x00000bf6   Data   RO         6119    .constdata          inv_mpu_dmp_motion_driver.o
    0x0800b3ea   0x0800b3ea   0x00000006   PAD
    0x0800b3f0   0x0800b3f0   0x00000050   Data   RO         6415    .constdata          m_wm.l(asin.o)
    0x0800b440   0x0800b440   0x00000098   Data   RO         6484    .constdata          m_wm.l(atan.o)
    0x0800b4d8   0x0800b4d8   0x00000008   Data   RO         6519    .constdata          m_wm.l(qnan.o)
    0x0800b4e0   0x0800b4e0   0x00000094   Data   RO         6556    .constdata          c_w.l(bigflt0.o)
    0x0800b574   0x0800b574   0x0000002c   Data   RO          567    .conststring        app_freertos.o
    0x0800b5a0   0x0800b5a0   0x00000020   Data   RO         6730    Region$$Table       anon$$obj.o
    0x0800b5c0   0x0800b5c0   0x0000001c   Data   RO         6580    locale$$data        c_w.l(lc_numeric_c.o)


    Execution Region RW_IRAM1 (Exec base: 0x20000000, Load base: 0x0800b5dc, Size: 0x00002078, Max: 0x00008000, ABSOLUTE)

    Exec Addr    Load Addr    Size         Type   Attr      Idx    E Section Name        Object

    0x20000000   0x0800b5dc   0x00000006   Data   RW           45    .data               lcd.o
    0x20000006   0x0800b5e2   0x00000002   PAD
    0x20000008   0x0800b5e4   0x00000034   Data   RW          415    .data               main.o
    0x2000003c   0x0800b618   0x00000014   Data   RW          568    .data               app_freertos.o
    0x20000050   0x0800b62c   0x0000000c   Data   RW         1317    .data               stm32g4xx_hal.o
    0x2000005c   0x0800b638   0x00000004   Data   RW         4459    .data               system_stm32g4xx.o
    0x20000060   0x0800b63c   0x0000003c   Data   RW         4973    .data               tasks.o
    0x2000009c   0x0800b678   0x00000020   Data   RW         5612    .data               heap_4.o
    0x200000bc   0x0800b698   0x0000000c   Data   RW         5680    .data               port.o
    0x200000c8   0x0800b6a4   0x0000002c   Data   RW         5803    .data               inv_mpu.o
    0x200000f4   0x0800b6d0   0x00000009   Data   RW         6280    .data               mpu6050.o
    0x200000fd   0x0800b6d9   0x00000003   PAD
    0x20000100        -       0x0000006c   Zero   RW          413    .bss                main.o
    0x2000016c        -       0x0000007c   Zero   RW          626    .bss                fdcan.o
    0x200001e8        -       0x00000054   Zero   RW          668    .bss                i2c.o
    0x2000023c        -       0x00000098   Zero   RW          712    .bss                tim.o
    0x200002d4        -       0x0000004c   Zero   RW          858    .bss                stm32g4xx_hal_timebase_tim.o
    0x20000320        -       0x000002e4   Zero   RW         4972    .bss                tasks.o
    0x20000604        -       0x00001400   Zero   RW         5611    .bss                heap_4.o
    0x20001a04        -       0x00000010   Zero   RW         6118    .bss                inv_mpu_dmp_motion_driver.o
    0x20001a14        -       0x00000060   Zero   RW         6586    .bss                c_w.l(libspace.o)
    0x20001a74   0x0800b6d9   0x00000004   PAD
    0x20001a78        -       0x00000200   Zero   RW            2    HEAP                startup_stm32g431xx.o
    0x20001c78        -       0x00000400   Zero   RW            1    STACK               startup_stm32g431xx.o


==============================================================================

Image component sizes


      Code (inc. data)   RO Data    RW Data    ZI Data      Debug   Object Name

       112          6          0          0          0       1884   42motor.o
      1252         88        132         20          0       4920   app_freertos.o
        90          0          0          0          0      13599   cmsis_os.o
        48          0          0          0          0       1206   delay.o
         0          0          0          0          0      10740   event_groups.o
       256         18          0          0        124       1855   fdcan.o
       204         12          0          0          0       1007   gpio.o
       472         24          0         32       5120       7447   heap_4.o
       252         26          0          0         84       1821   i2c.o
      5180        288         82         44          0      28335   inv_mpu.o
      2414        134       3062          0         16      20024   inv_mpu_dmp_motion_driver.o
      1766         78       4560          6          0     658906   lcd.o
       138          0          0          0          0       3570   list.o
      1138         56          0         52        108      24612   main.o
       742         18          0          9          0       5250   mpu6050.o
       702         72          0         12          0      11040   port.o
       202          4          0          0          0       6783   queue.o
        64         26        472          0       1536        848   startup_stm32g431xx.o
        94         14          0         12          0       3670   stm32g4xx_hal.o
       158         14          0          0          0      33070   stm32g4xx_hal_cortex.o
      1104         22         16          0          0       9300   stm32g4xx_hal_fdcan.o
       594         34          0          0          0       2356   stm32g4xx_hal_gpio.o
      1740         38          0          0          0      12933   stm32g4xx_hal_i2c.o
       168          0          0          0          0       1923   stm32g4xx_hal_i2c_ex.o
        60          6          0          0          0        882   stm32g4xx_hal_msp.o
       204         18          0          0          0       1417   stm32g4xx_hal_pwr_ex.o
      1716         90          0          0          0       6358   stm32g4xx_hal_rcc.o
       648         10          0          0          0       1892   stm32g4xx_hal_rcc_ex.o
      2680        258          0          0          0      19054   stm32g4xx_hal_tim.o
       326         32          0          0          0       6364   stm32g4xx_hal_tim_ex.o
       136         20          0          0         76       1440   stm32g4xx_hal_timebase_tim.o
        24          6          0          0          0       3313   stm32g4xx_it.o
        16          4         24          4          0       1139   system_stm32g4xx.o
      1514        130          0         60        740      18909   tasks.o
       552         46          0          0        152       3303   tim.o

    ----------------------------------------------------------------------
     26812       1592       8390        256       7956     931170   Object Totals
         0          0         32          0          0          0   (incl. Generated)
        46          0         10          5          0          0   (incl. Padding)

    ----------------------------------------------------------------------

      Code (inc. data)   RO Data    RW Data    ZI Data      Debug   Library Member Name

         8          0          0          0          0         68   __main.o
       284          0          0          0          0        156   __printf_wp.o
         0          0          0          0          0          0   __rtentry.o
        12          0          0          0          0          0   __rtentry2.o
         6          0          0          0          0          0   __rtentry4.o
        52          8          0          0          0          0   __scatter.o
        26          0          0          0          0          0   __scatter_copy.o
        28          0          0          0          0          0   __scatter_zi.o
        48          6          0          0          0         96   _printf_char_common.o
         6          0          0          0          0          0   _printf_d.o
       120         16          0          0          0         92   _printf_dec.o
         6          0          0          0          0          0   _printf_f.o
      1054          0          0          0          0        216   _printf_fp_dec.o
       128         16          0          0          0         84   _printf_fp_infnan.o
       178          0          0          0          0         88   _printf_intcommon.o
         0          0          0          0          0          0   _printf_percent.o
         4          0          0          0          0          0   _printf_percent_end.o
        22          0          0          0          0        100   _rserrno.o
        10          0          0          0          0         68   _sputc.o
        16          0          0          0          0         68   aeabi_memset.o
       228          4        148          0          0         96   bigflt0.o
      1936        128          0          0          0        672   btod.o
        18          0          0          0          0         80   exit.o
         6          0          0          0          0        152   heapauxi.o
         0          0          0          0          0          0   indicate_semi.o
        44         10         28          0          0         76   lc_numeric_c.o
         2          0          0          0          0          0   libinit.o
        22          0          0          0          0          0   libinit2.o
         2          0          0          0          0          0   libshutdown.o
         2          0          0          0          0          0   libshutdown2.o
         8          4          0          0         96         68   libspace.o
        72          0          0          0          0         76   llsdiv.o
       138          0          0          0          0         80   lludiv10.o
       238          0          0          0          0        100   lludivv7m.o
        88          0          0          0          0         76   memcmp.o
        40          6          0          0          0         84   noretval__2sprintf.o
         8          4          0          0          0         68   rt_errno_addr_intlibspace.o
         8          4          0          0          0         68   rt_locale_intlibspace.o
        68          0          0          0          0         68   rt_memclr.o
        78          0          0          0          0         80   rt_memclr_w.o
       100          0          0          0          0         80   rt_memcpy_w.o
         2          0          0          0          0          0   rtexit.o
        10          0          0          0          0          0   rtexit2.o
       128          0          0          0          0         68   strcmpv7m.o
        12          4          0          0          0         68   sys_exit.o
        74          0          0          0          0         80   sys_stackheap_outer.o
         2          0          0          0          0         68   use_no_semi.o
        24          0          0          0          0        164   basic.o
        98          4          0          0          0        140   d2f.o
       826         16          0          0          0        492   daddsub_clz.o
       688        140          0          0          0        256   ddiv.o
        94          4          0          0          0        140   dfix.o
        46          0          0          0          0        116   dflt_clz.o
       340         12          0          0          0        152   dmul.o
       156          4          0          0          0        140   dnaninf.o
        12          0          0          0          0        116   dretinf.o
       408         56          0          0          0        168   dsqrt_umaal.o
        86          4          0          0          0        132   f2d.o
       140          4          0          0          0        132   fnaninf.o
        10          0          0          0          0        116   fpinit.o
        10          0          0          0          0        116   fretinf.o
         4          0          0          0          0        116   printf1.o
         0          0          0          0          0          0   usenofp.o
       864         94         80          0          0        280   asin.o
       744        106        152          0          0        352   atan.o
       496         64          0          0          0        192   atan2.o
       104         16          0          0          0        496   dunder.o
        24          0          0          0          0        124   fabs.o
        48          0          0          0          0        124   fpclassify.o
       248          0          0          0          0        152   poly.o
         0          0          8          0          0          0   qnan.o
       110          0          0          0          0        148   sqrt.o

    ----------------------------------------------------------------------
     10938        734        416          0        100       7608   Library Totals
        16          0          0          0          4          0   (incl. Padding)

    ----------------------------------------------------------------------

      Code (inc. data)   RO Data    RW Data    ZI Data      Debug   Library Name

      5342        210        176          0         96       3244   c_w.l
      2942        244          0          0          0       2496   fz_wm.l
      2638        280        240          0          0       1868   m_wm.l

    ----------------------------------------------------------------------
     10938        734        416          0        100       7608   Library Totals

    ----------------------------------------------------------------------

==============================================================================


      Code (inc. data)   RO Data    RW Data    ZI Data      Debug   

     37750       2326       8806        256       8056     913958   Grand Totals
     37750       2326       8806        256       8056     913958   ELF Image Totals
     37750       2326       8806        256          0          0   ROM Totals

==============================================================================

    Total RO  Size (Code + RO Data)                46556 (  45.46kB)
    Total RW  Size (RW Data + ZI Data)              8312 (   8.12kB)
    Total ROM Size (Code + RO Data + RW Data)      46812 (  45.71kB)

==============================================================================

