<html>
<body>
<pre>
<h1>µVision Build Log</h1>
<h2>Tool Versions:</h2>
IDE-Version: ¶ÃVision V5.24.2.0
Copyright (C) 2017 ARM Ltd and ARM Germany GmbH. All rights reserved.
License Information: 1 AAA¬Ù√◊¿œ÷Ï, 1, LIC=SDA0P-MY5MX-12MLE-5237S-7DGA5-9FKTC
 
Tool Versions:
Toolchain:       MDK-ARM Plus  Version: 5.24.1
Toolchain Path:  D:\keil5\ARM\ARMCC\Bin
C Compiler:      Armcc.exe V5.06 update 5 (build 528)
Assembler:       Armasm.exe V5.06 update 5 (build 528)
Linker/Locator:  ArmLink.exe V5.06 update 5 (build 528)
Library Manager: ArmAr.exe V5.06 update 5 (build 528)
Hex Converter:   FromElf.exe V5.06 update 5 (build 528)
CPU DLL:         SARMCM3.DLL V5.24.1
Dialog DLL:      DCM.DLL V1.16.0.0
Target DLL:      CMSIS_AGDI.dll V1.28.3.0
Dialog DLL:      TCM.DLL V1.32.0.0
 
<h2>Project:</h2>
D:\stm32cubemx\New Folder\remote_arm_g431\MDK-ARM\remote_arm_g431.uvprojx
Project File Date:  05/19/2025

<h2>Output:</h2>
*** Using Compiler 'V5.06 update 5 (build 528)', folder: 'D:\keil5\ARM\ARMCC\Bin'
Build target 'remote_arm_g431'
compiling app_freertos.c...
../Core/Src/app_freertos.c(187): warning:  #167-D: argument of type "uint8_t *" is incompatible with parameter of type "char *restrict"
  	  sprintf(main_data.ch,"%.2f %.2f %.2f ",mpu6050_data.pitch_real,mpu6050_data.roll_real,mpu6050_data.yaw_real);
../Core/Src/app_freertos.c(194): warning:  #167-D: argument of type "uint8_t *" is incompatible with parameter of type "char *restrict"
  	sprintf(main_data.ch,"%d ",i2c_error);
../Core/Src/app_freertos.c(204): warning:  #167-D: argument of type "uint8_t *" is incompatible with parameter of type "char *restrict"
  	  sprintf(main_data.ch,"%d ",main_data.ret);
../Core/Src/app_freertos.c(275): warning:  #1035-D: single-precision operand implicitly converted to double-precision
  		angle_data.angle_yaw=(int16_t)(mpu6050_data.yaw_real/1.8);
../Core/Src/app_freertos.c: 4 warnings, 0 errors
linking...
Program Size: Code=37750 RO-data=8806 RW-data=256 ZI-data=8056  
FromELF: creating hex file...
"remote_arm_g431\remote_arm_g431.axf" - 0 Error(s), 4 Warning(s).

<h2>Software Packages used:</h2>

Package Vendor: ARM
                https://www.keil.com/pack/ARM.CMSIS.6.1.0.pack
                ARM.CMSIS.6.1.0
                CMSIS (Common Microcontroller Software Interface Standard)
   * Component: CORE Version: 6.1.0

Package Vendor: Keil
                https://www.keil.com/pack/Keil.STM32G4xx_DFP.2.0.0.pack
                Keil.STM32G4xx_DFP.2.0.0
                STMicroelectronics STM32G4 Series Device Support

<h2>Collection of Component include folders:</h2>
  .\RTE\_remote_arm_g431
  D:\keil5\ARM\PACK\3PEAK\TPS325M0_DFP\1.0.0\CMSIS\Core\Include

<h2>Collection of Component Files used:</h2>

   * Component: ARM::CMSIS:CORE:6.1.0
      Include file:  CMSIS\Core\Include\tz_context.h
Build Time Elapsed:  00:00:02
</pre>
</body>
</html>
